Archive member included because of file (symbol)

libee.a(ee_hal_structs.o)     obj/code.o (EE_IRQ_nesting_level)
libee.a(ee_utils.o)           obj/code.o (EE_system_init)
libee.a(ee_gnu_change_context_isr.o)
                              obj/code.o (EE_switch_context)
libee.a(ee_irqendin.o)        libee.a(ee_gnu_change_context_isr.o) (EE_IRQ_end_instance)
libee.a(ee_tstub.o)           obj/eecfg.o (EE_oo_thread_stub)
libee.a(ee_lookup.o)          libee.a(ee_irqendin.o) (EE_oo_IRQ_disable_count)
libee.a(ee_rq_exchg.o)        libee.a(ee_irqendin.o) (EE_rq2stk_exchange)
libee.a(ee_alsetrel.o)        obj/code.o (EE_oo_SetRelAlarm)
libee.a(ee_altick.o)          libee.a(ee_alsetrel.o) (EE_oo_counter_object_insert)
libee.a(ee_context.o)         libee.a(ee_gnu_change_context_isr.o) (EE_cortex_mx_change_context)
libee.a(ee_gnu_oo.o)          libee.a(ee_tstub.o) (EE_hal_terminate_savestk)
libee.a(ee_tnterm.o)          libee.a(ee_gnu_oo.o) (EE_thread_not_terminated)
libee.a(ee_rq_inser.o)        libee.a(ee_altick.o) (EE_rq_insert)
libee.a(ee_context.o)         libee.a(ee_context.o) (EE_std_run_task_code)
libee.a(ee_thendin.o)         libee.a(ee_context.o) (EE_thread_end_instance)
libstm32f4xxspd.a(stm32f4xx_dma.o)
                              obj/STMPE811QTR.o (DMA_DeInit)
libstm32f4xxspd.a(stm32f4xx_fsmc.o)
                              obj/stm32f4_discovery_lcd.o (FSMC_NORSRAMDeInit)
libstm32f4xxspd.a(stm32f4xx_gpio.o)
                              obj/STMPE811QTR.o (GPIO_Init)
libstm32f4xxspd.a(stm32f4xx_i2c.o)
                              obj/STMPE811QTR.o (I2C_Init)
libstm32f4xxspd.a(stm32f4xx_rcc.o)
                              libstm32f4xxspd.a(stm32f4xx_i2c.o) (RCC_GetClocksFreq)
/Users/Andrea/Documents/RtDruid/gcc-arm-none-eabi-4_9-2015q3/bin/../lib/gcc/arm-none-eabi/4.9.3/armv7e-m/libgcc.a(_arm_addsubdf3.o)
                              obj/stm32f4_discovery_lcd.o (__aeabi_ui2d)
/Users/Andrea/Documents/RtDruid/gcc-arm-none-eabi-4_9-2015q3/bin/../lib/gcc/arm-none-eabi/4.9.3/armv7e-m/libgcc.a(_arm_muldivdf3.o)
                              obj/Touch.o (__aeabi_ddiv)
/Users/Andrea/Documents/RtDruid/gcc-arm-none-eabi-4_9-2015q3/bin/../lib/gcc/arm-none-eabi/4.9.3/armv7e-m/libgcc.a(_arm_cmpdf2.o)
                              obj/stm32f4_discovery_lcd.o (__aeabi_dcmplt)
/Users/Andrea/Documents/RtDruid/gcc-arm-none-eabi-4_9-2015q3/bin/../lib/gcc/arm-none-eabi/4.9.3/armv7e-m/libgcc.a(_arm_fixdfsi.o)
                              obj/Touch.o (__aeabi_d2iz)
/Users/Andrea/Documents/RtDruid/gcc-arm-none-eabi-4_9-2015q3/bin/../lib/gcc/arm-none-eabi/4.9.3/armv7e-m/libgcc.a(_arm_addsubsf3.o)
                              obj/Touch.o (__aeabi_fsub)
/Users/Andrea/Documents/RtDruid/gcc-arm-none-eabi-4_9-2015q3/bin/../lib/gcc/arm-none-eabi/4.9.3/armv7e-m/libgcc.a(_arm_muldivsf3.o)
                              obj/Touch.o (__aeabi_fmul)
/Users/Andrea/Documents/RtDruid/gcc-arm-none-eabi-4_9-2015q3/bin/../lib/gcc/arm-none-eabi/4.9.3/armv7e-m/libgcc.a(_arm_fixsfsi.o)
                              obj/Touch.o (__aeabi_f2iz)
/Users/Andrea/Documents/RtDruid/gcc-arm-none-eabi-4_9-2015q3/bin/../lib/gcc/arm-none-eabi/4.9.3/armv7e-m/libgcc.a(_arm_fixunssfsi.o)
                              obj/Touch.o (__aeabi_f2uiz)
/Users/Andrea/Documents/RtDruid/gcc-arm-none-eabi-4_9-2015q3/arm-none-eabi/lib/thumb/libc.a(lib_a-exit.o)
                              /Users/Andrea/Documents/RtDruid/gcc-arm-none-eabi-4_9-2015q3/bin/../lib/gcc/arm-none-eabi/4.9.3/../../../../arm-none-eabi/lib/armv7e-m/crt0.o (exit)
/Users/Andrea/Documents/RtDruid/gcc-arm-none-eabi-4_9-2015q3/arm-none-eabi/lib/thumb/libc.a(lib_a-impure.o)
                              /Users/Andrea/Documents/RtDruid/gcc-arm-none-eabi-4_9-2015q3/arm-none-eabi/lib/thumb/libc.a(lib_a-exit.o) (_global_impure_ptr)
/Users/Andrea/Documents/RtDruid/gcc-arm-none-eabi-4_9-2015q3/arm-none-eabi/lib/thumb/libc.a(lib_a-init.o)
                              /Users/Andrea/Documents/RtDruid/gcc-arm-none-eabi-4_9-2015q3/bin/../lib/gcc/arm-none-eabi/4.9.3/../../../../arm-none-eabi/lib/armv7e-m/crt0.o (__libc_init_array)
/Users/Andrea/Documents/RtDruid/gcc-arm-none-eabi-4_9-2015q3/arm-none-eabi/lib/thumb/libc.a(lib_a-memset.o)
                              /Users/Andrea/Documents/RtDruid/gcc-arm-none-eabi-4_9-2015q3/bin/../lib/gcc/arm-none-eabi/4.9.3/../../../../arm-none-eabi/lib/armv7e-m/crt0.o (memset)
/Users/Andrea/Documents/RtDruid/gcc-arm-none-eabi-4_9-2015q3/arm-none-eabi/lib/thumb/libc.a(lib_a-sprintf.o)
                              obj/Touch.o (sprintf)
/Users/Andrea/Documents/RtDruid/gcc-arm-none-eabi-4_9-2015q3/arm-none-eabi/lib/thumb/libc.a(lib_a-svfprintf.o)
                              /Users/Andrea/Documents/RtDruid/gcc-arm-none-eabi-4_9-2015q3/arm-none-eabi/lib/thumb/libc.a(lib_a-sprintf.o) (_svfprintf_r)
/Users/Andrea/Documents/RtDruid/gcc-arm-none-eabi-4_9-2015q3/arm-none-eabi/lib/thumb/libc.a(lib_a-__call_atexit.o)
[...]
Memory Configuration

Name             Origin             Length             Attributes
FLASH            0x0000000008000000 0x0000000000100000 xr
RAM              0x0000000020000000 0x0000000000020000 xrw
CCM              0x0000000010000000 0x0000000000010000 xrw
MEMORY_B1        0x0000000060000000 0x0000000000000000 xr
*default*        0x0000000000000000 0xffffffffffffffff

Linker script and memory map

LOAD /Users/Andrea/Documents/RtDruid/gcc-arm-none-eabi-4_9-2015q3/bin/../lib/gcc/arm-none-eabi/4.9.3/armv7e-m/crti.o
LOAD /Users/Andrea/Documents/RtDruid/gcc-arm-none-eabi-4_9-2015q3/bin/../lib/gcc/arm-none-eabi/4.9.3/armv7e-m/crtbegin.o
LOAD /Users/Andrea/Documents/RtDruid/gcc-arm-none-eabi-4_9-2015q3/bin/../lib/gcc/arm-none-eabi/4.9.3/../../../../arm-none-eabi/lib/armv7e-m/crt0.o
LOAD obj/Event.o
LOAD obj/STMPE811QTR.o
LOAD obj/SWatch.o
LOAD obj/Touch.o
LOAD obj/Widget.o
LOAD obj/WidgetConfig.o
LOAD obj/code.o
LOAD obj/debug.o
LOAD obj/eecfg.o
LOAD obj/pictures.o
LOAD obj/pkg/mcu/st_stm32_stm32f4xx/src/startup_stm32f4xx_gnu.o
LOAD obj/pkg/mcu/st_stm32_stm32f4xx/src/system_stm32f4xx.o
LOAD obj/stm32f4_discovery_lcd.o
LOAD libee.a
LOAD libstm32f4discovery.a
LOAD libstm32f4xxspd.a
START GROUP
LOAD /Users/Andrea/Documents/RtDruid/gcc-arm-none-eabi-4_9-2015q3/bin/../lib/gcc/arm-none-eabi/4.9.3/armv7e-m/libgcc.a
LOAD /Users/Andrea/Documents/RtDruid/gcc-arm-none-eabi-4_9-2015q3/arm-none-eabi/lib/thumb/libc.a
LOAD /Users/Andrea/Documents/RtDruid/gcc-arm-none-eabi-4_9-2015q3/arm-none-eabi/lib/thumb/libm.a
LOAD /Users/Andrea/Documents/RtDruid/gcc-arm-none-eabi-4_9-2015q3/arm-none-eabi/lib/thumb/libnosys.a
END GROUP

.text           0x0000000008000000    0x6aa8c
 *(.isr_vector)
 .isr_vector    0x0000000008000000      0x188 obj/pkg/mcu/st_stm32_stm32f4xx/src/startup_stm32f4xx_gnu.o
                0x0000000008000000                __isr_vector
 *(.text*)
 .text          0x0000000008000188        0x0 /Users/Andrea/Documents/RtDruid/gcc-arm-none-eabi-4_9-2015q3/bin/../lib/gcc/arm-none-eabi/4.9.3/armv7e-m/crti.o
 .text          0x0000000008000188       0x5c /Users/Andrea/Documents/RtDruid/gcc-arm-none-eabi-4_9-2015q3/bin/../lib/gcc/arm-none-eabi/4.9.3/armv7e-m/crtbegin.o
 .text          0x00000000080001e4       0x74 /Users/Andrea/Documents/RtDruid/gcc-arm-none-eabi-4_9-2015q3/bin/../lib/gcc/arm-none-eabi/4.9.3/../../../../arm-none-eabi/lib/armv7e-m/crt0.o
                0x00000000080001e4                _mainCRTStartup
                0x00000000080001e4                _start
 .text          0x0000000008000258        0x0 obj/Event.o
 .text          0x0000000008000258      0xe20 obj/STMPE811QTR.o
                0x0000000008000258                IOE_Config
                0x0000000008000290                IOE_ITConfig
                0x00000000080002d4                IOE_TS_GetState
                0x00000000080003a8                IOE_GetGITStatus
                0x00000000080003e8                IOE_ClearGITPending
                0x0000000008000410                IOE_GetIOITStatus
                0x000000000800044c                IOE_IsOperational
                0x0000000008000488                IOE_Reset
                0x00000000080004bc                IOE_ReadID
                0x00000000080004fc                IOE_FnctCmd
                0x0000000008000558                IOE_IOPinConfig
                0x00000000080005b4                IOE_GITCmd
                0x0000000008000604                IOE_GITConfig
                0x0000000008000660                IOE_IOITConfig
                0x00000000080006bc                IOE_TS_Config
                0x00000000080007bc                IOE_IOAFConfig
                0x0000000008000818                IOE_IOEdgeConfig
                0x00000000080008b4                IOE_ITOutConfig
                0x0000000008000900                I2C_WriteDeviceRegister
                0x0000000008000a70                I2C_ReadDeviceRegister
                0x0000000008000c38                I2C_ReadDataBuffer
                0x0000000008000e14                IOE_TS_Read_X
                0x0000000008000e60                IOE_TS_Read_Y
 .text          0x0000000008001078      0xff8 obj/SWatch.o
                0x0000000008001c78                SWatch_step
                0x0000000008001f70                SWatch_initialize
 .text          0x0000000008002070      0x724 obj/Touch.o
                0x0000000008002070                delay
                0x00000000080020a4                Draw_Calibration_Mark
                0x00000000080020e4                Lcd_Touch_Calibration
                0x00000000080024ec                GetTouch_TC_Async
                0x000000000800255c                GetTouch_TC_Sync
                0x00000000080025c4                GetTouch_SC_Async
                0x0000000008002690                GetTouch_SC_Sync
                0x0000000008002758                InitTouch
 .text          0x0000000008002794      0x220 obj/Widget.o
                0x0000000008002794                contains
                0x00000000080027f4                OnTouch
                0x0000000008002864                DrawInit
                0x0000000008002898                DrawOn
                0x0000000008002900                DrawOff
                0x0000000008002968                WPrint
 .text          0x00000000080029b4        0x0 obj/WidgetConfig.o
 .text          0x00000000080029b4      0x960 obj/code.o
                0x00000000080029e8                systick_handler
                0x0000000008002aa4                ISR2_systick_handler
                0x0000000008002ab0                FuncTaskLCD
                0x0000000008002aec                setTimeString
                0x0000000008002b24                IsUpdateTime
                0x0000000008002b98                UpdateTime
                0x0000000008002bf4                UpdateMode
                0x0000000008002c94                strencode2digit
                0x0000000008002cf0                tenths2digit
                0x0000000008002d34                drawdigits
                0x0000000008002d78                update_digits
                0x0000000008002eb4                reset_lcd
                0x0000000008002fd0                handling_events
                0x0000000008003094                FuncTaskClock
                0x00000000080031cc                main
 .text          0x0000000008003314       0x4c obj/debug.o
                0x0000000008003314                debuginfo
 .text          0x0000000008003360       0x34 obj/eecfg.o
 .text          0x0000000008003394        0x0 obj/pictures.o
 .text          0x0000000008003394        0x0 obj/pkg/mcu/st_stm32_stm32f4xx/src/startup_stm32f4xx_gnu.o
 .text.EE_cortex_mx_default_reset_ISR
                0x0000000008003394       0x40 obj/pkg/mcu/st_stm32_stm32f4xx/src/startup_stm32f4xx_gnu.o
                0x0000000008003394                EE_cortex_mx_default_reset_ISR
 .text.EE_cortex_mx_default_ISR
                0x00000000080033d4        0x4 obj/pkg/mcu/st_stm32_stm32f4xx/src/startup_stm32f4xx_gnu.o
                0x00000000080033d4                EE_CORTEX_MX_DMA1_Stream7_ISR
                0x00000000080033d4                EE_CORTEX_MX_USART6_ISR
                0x00000000080033d4                EE_CORTEX_MX_DMA1_STREAM6_ISR
                0x00000000080033d4                EE_CORTEX_MX_CRYP_ISR
                0x00000000080033d4                EE_CORTEX_MX_DMA1_STREAM5_ISR
                0x00000000080033d4                EE_CORTEX_MX_BUS_FAULT_ISR
                0x00000000080033d4                EE_CORTEX_MX_PVD_ISR
                0x00000000080033d4                EE_CORTEX_MX_SPI2_ISR
                0x00000000080033d4                EE_CORTEX_MX_CAN1_RX1_ISR
                0x00000000080033d4                EE_CORTEX_MX_DMA2_STREAM5_ISR
                0x00000000080033d4                EE_CORTEX_MX_TIM6_DAC_ISR
                0x00000000080033d4                EE_CORTEX_MX_I2C2_EV_ISR
                0x00000000080033d4                EE_CORTEX_MX_TIM1_UP_TIM10_ISR
                0x00000000080033d4                EE_CORTEX_MX_CAN1_RX0_ISR
                0x00000000080033d4                EE_CORTEX_MX_USART1_ISR
                0x00000000080033d4                EE_CORTEX_MX_TIM8_CC_ISR
                0x00000000080033d4                EE_CORTEX_MX_RTC_Alarm_ISR
                0x00000000080033d4                EE_CORTEX_MX_EXTI2_ISR
                0x00000000080033d4                EE_CORTEX_MX_OTG_HS_ISR
                0x00000000080033d4                EE_CORTEX_MX_DCMI_ISR
                0x00000000080033d4                EE_CORTEX_MX_DMA2_STREAM0_ISR
                0x00000000080033d4                EE_CORTEX_MX_SPI1_ISR
                0x00000000080033d4                EE_cortex_mx_default_ISR
                0x00000000080033d4                EE_CORTEX_MX_ETH_WKUP_ISR
                0x00000000080033d4                EE_CORTEX_MX_TIM8_TRG_COM_TIM14_ISR
                0x00000000080033d4                EE_CORTEX_MX_USAGE_FAULT_ISR
                0x00000000080033d4                EE_CORTEX_MX_TIM7_ISR
                0x00000000080033d4                EE_CORTEX_MX_TIM2_ISR
                0x00000000080033d4                EE_CORTEX_MX_I2C1_EV_ISR
                0x00000000080033d4                EE_CORTEX_MX_TIM1_TRG_COM_TIM11_ISR
                0x00000000080033d4                EE_CORTEX_MX_UART5_ISR
                0x00000000080033d4                EE_CORTEX_MX_UART4_ISR
                0x00000000080033d4                EE_CORTEX_MX_NMI_ISR
                0x00000000080033d4                EE_CORTEX_MX_TIM3_ISR
                0x00000000080033d4                EE_CORTEX_MX_USART3_ISR
                0x00000000080033d4                EE_CORTEX_MX_DMA2_STREAM4_ISR
                0x00000000080033d4                EE_CORTEX_MX_EXTI4_ISR
                0x00000000080033d4                EE_CORTEX_MX_ADC_ISR
                0x00000000080033d4                EE_CORTEX_MX_OTG_HS_EP1_IN_ISR
                0x00000000080033d4                EE_CORTEX_MX_DMA2_STREAM1_ISR
                0x00000000080033d4                EE_CORTEX_MX_CAN1_TX_ISR
                0x00000000080033d4                EE_CORTEX_MX_USART2_ISR
                0x00000000080033d4                EE_CORTEX_MX_SDIO_ISR
                0x00000000080033d4                EE_CORTEX_MX_I2C2_ER_ISR
                0x00000000080033d4                EE_CORTEX_MX_I2C3_EV_ISR
                0x00000000080033d4                EE_CORTEX_MX_HARD_FAULT_ISR
                0x00000000080033d4                EE_CORTEX_MX_DMA1_STREAM3_ISR
                0x00000000080033d4                EE_CORTEX_MX_OTG_HS_EP1_OUT_ISR
                0x00000000080033d4                EE_CORTEX_MX_TIM8_BRK_TIM12_ISR
                0x00000000080033d4                EE_CORTEX_MX_CAN1_SCE_ISR
                0x00000000080033d4                EE_CORTEX_MX_DMA1_STREAM1_ISR
                0x00000000080033d4                EE_CORTEX_MX_TIM4_ISR
                0x00000000080033d4                EE_CORTEX_MX_DMA2_STREAM3_ISR
                0x00000000080033d4                EE_CORTEX_MX_ETH_ISR
                0x00000000080033d4                EE_CORTEX_MX_OTG_FS_ISR
                0x00000000080033d4                EE_CORTEX_MX_CAN2_RX0_ISR
                0x00000000080033d4                EE_CORTEX_MX_CAN2_SCE_ISR
                0x00000000080033d4                EE_CORTEX_MX_FPU_ISR
                0x00000000080033d4                EE_CORTEX_MX_RTC_WKUP_ISR
                0x00000000080033d4                EE_CORTEX_MX_TIM8_UP_TIM13_ISR
                0x00000000080033d4                EE_CORTEX_MX_OTG_FS_WKUP_ISR
                0x00000000080033d4                EE_CORTEX_MX_DMA1_STREAM2_ISR
                0x00000000080033d4                EE_CORTEX_MX_EXTI9_5_ISR
                0x00000000080033d4                EE_CORTEX_MX_EXTI3_ISR
                0x00000000080033d4                EE_CORTEX_MX_EXTI0_ISR
                0x00000000080033d4                EE_CORTEX_MX_I2C1_ER_ISR
                0x00000000080033d4                EE_CORTEX_MX_FLASH_ISR
                0x00000000080033d4                EE_CORTEX_MX_OTG_HS_WKUP_ISR
                0x00000000080033d4                EE_CORTEX_MX_TIM1_BRK_TIM9_ISR
                0x00000000080033d4                EE_CORTEX_MX_I2C3_ER_ISR
                0x00000000080033d4                EE_CORTEX_MX_TIM1_CC_ISR
                0x00000000080033d4                EE_CORTEX_MX_SPI3_ISR
                0x00000000080033d4                EE_CORTEX_MX_EXTI15_10_ISR
                0x00000000080033d4                EE_CORTEX_MX_CAN2_TX_ISR
                0x00000000080033d4                EE_CORTEX_MX_RCC_ISR
                0x00000000080033d4                EE_CORTEX_MX_FSMC_ISR
                0x00000000080033d4                EE_CORTEX_MX_DMA2_STREAM2_ISR
                0x00000000080033d4                EE_CORTEX_MX_DMA2_STREAM7_ISR
                0x00000000080033d4                EE_CORTEX_MX_EXTI1_ISR
                0x00000000080033d4                EE_CORTEX_MX_DEBUG_MONITOR_ISR
                0x00000000080033d4                EE_CORTEX_MX_WWDG_ISR
                0x00000000080033d4                EE_CORTEX_MX_MPU_FAULT_ISR
                0x00000000080033d4                EE_CORTEX_MX_HASH_RNG_ISR
                0x00000000080033d4                EE_CORTEX_MX_DMA2_STREAM6_ISR
                0x00000000080033d4                EE_CORTEX_MX_TIM5_ISR
                0x00000000080033d4                EE_CORTEX_MX_DMA1_STREAM0_ISR
                0x00000000080033d4                EE_CORTEX_MX_TAMP_STAMP_ISR
                0x00000000080033d4                EE_CORTEX_MX_CAN2_RX1_ISR
                0x00000000080033d4                EE_CORTEX_MX_DMA1_STREAM4_ISR
 .text._exit    0x00000000080033d8        0x6 obj/pkg/mcu/st_stm32_stm32f4xx/src/startup_stm32f4xx_gnu.o
                0x00000000080033d8                _exit
 *fill*         0x00000000080033de        0x2 
 .text          0x00000000080033e0      0x244 obj/pkg/mcu/st_stm32_stm32f4xx/src/system_stm32f4xx.o
                0x00000000080033e0                SystemInit
                0x0000000008003438                SystemCoreClockUpdate
 .text          0x0000000008003624     0x1c80 obj/stm32f4_discovery_lcd.o
                0x0000000008003624                LCD_DeInit
                0x0000000008003864                LCD_CtrlLinesConfig
                0x00000000080039dc                LCD_FSMCConfig
                0x0000000008003a5c                STM32f4_Discovery_LCD_Init
                0x0000000008003bcc                LCD_SetCursor
                0x0000000008003bf8                LCD_WriteReg
                0x0000000008003c28                LCD_ReadReg
                0x0000000008003c54                LCD_WriteRAM_Prepare
                0x0000000008003c68                LCD_WriteRAM
                0x0000000008003c88                LCD_ReadRAM
                0x0000000008003ca0                LCD_RGB_Test
                0x0000000008003d08                LCD_SetColors
                0x0000000008003d3c                LCD_GetColors
                0x0000000008003d6c                LCD_SetTextColor
                0x0000000008003d8c                LCD_SetBackColor
                0x0000000008003dac                LCD_DisplayOff
                0x0000000008003db8                LCD_DisplayOn
                0x0000000008003dc4                LCD_SetFont
                0x0000000008003de0                LCD_GetFont
                0x0000000008003df8                LCD_ClearLine
                0x0000000008003e34                LCD_Clear
                0x0000000008003e74                LCD_DrawPicture
                0x0000000008003f88                LCD_DrawChar
                0x000000000800408c                LCD_DrawCharXY
                0x00000000080041c4                LCD_DisplayChar
                0x000000000800420c                LCD_DisplayCharXY
                0x000000000800425c                LCD_DisplayStringXY
                0x00000000080042b0                LCD_DisplayStringLine
                0x0000000008004304                LCD_SetDisplayWindow
                0x000000000800438c                LCD_WindowModeDisable
                0x0000000008004398                LCD_DrawLine
                0x0000000008004434                LCD_DrawRect
                0x00000000080044b8                LCD_DrawFilledCircle
                0x000000000800452c                LCD_DrawCircle
                0x00000000080046f8                LCD_DrawMonoPict
                0x000000000800477c                LCD_WriteBMP
                0x000000000800481c                LCD_DrawFilledRect
                0x00000000080048b0                LCD_DrawFullRect
                0x0000000008004984                LCD_DrawFullCircle
                0x0000000008004ac4                LCD_DrawUniLine
                0x0000000008004c40                LCD_PolyLine
                0x0000000008004d3c                LCD_ClosedPolyLine
                0x0000000008004d90                LCD_PolyLineRelative
                0x0000000008004db0                LCD_ClosedPolyLineRelative
                0x0000000008004dd0                LCD_FillPolyLine
 .text          0x00000000080052a4       0x34 libee.a(ee_hal_structs.o)
 .text          0x00000000080052d8       0x6c libee.a(ee_utils.o)
                0x000000000800530c                EE_system_init
 .text          0x0000000008005344       0x8c libee.a(ee_gnu_change_context_isr.o)
                0x0000000008005344                EE_set_switch_context_pri
                0x000000000800535a                EE_switch_context
                0x0000000008005362                EE_cortex_mx_pendsv_ISR
                0x0000000008005396                EE_cortex_mx_svc_ISR
 .text          0x00000000080053d0      0x10c libee.a(ee_irqendin.o)
                0x0000000008005424                EE_IRQ_end_instance
                0x00000000080054b4                EE_IRQ_end_post_stub
 .text          0x00000000080054dc       0x54 libee.a(ee_tstub.o)
                0x0000000008005510                EE_oo_thread_stub
 .text          0x0000000008005530       0x34 libee.a(ee_lookup.o)
 .text          0x0000000008005564       0x78 libee.a(ee_rq_exchg.o)
                0x0000000008005598                EE_rq2stk_exchange
 .text          0x00000000080055dc      0x140 libee.a(ee_alsetrel.o)
                0x0000000008005610                EE_oo_SetRelAlarm
 .text          0x000000000800571c      0x434 libee.a(ee_altick.o)
                0x0000000008005750                EE_oo_counter_object_insert
                0x0000000008005908                EE_oo_IncrementCounterImplementation
                0x0000000008005a68                EE_oo_IncrementCounterHardware
                0x0000000008005a9c                EE_oo_IncrementCounter
 .text          0x0000000008005b50       0x50 libee.a(ee_context.o)
                0x0000000008005b84                EE_cortex_mx_change_context
 .text          0x0000000008005ba0       0x80 libee.a(ee_gnu_oo.o)
                0x0000000008005ba0                EE_hal_terminate_savestk
                0x0000000008005be8                EE_hal_terminate_task
 .text          0x0000000008005c20       0x4c libee.a(ee_tnterm.o)
                0x0000000008005c54                EE_thread_not_terminated
 .text          0x0000000008005c6c       0xb4 libee.a(ee_rq_inser.o)
                0x0000000008005ca0                EE_rq_insert
 .text          0x0000000008005d20       0x58 libee.a(ee_context.o)
                0x0000000008005d54                EE_std_run_task_code
 .text          0x0000000008005d78      0x188 libee.a(ee_thendin.o)
                0x0000000008005dcc                EE_thread_end_instance
 .text          0x0000000008005f00      0x70c libstm32f4xxspd.a(stm32f4xx_dma.o)
                0x0000000008005f00                DMA_DeInit
                0x00000000080060a4                DMA_Init
                0x0000000008006150                DMA_StructInit
                0x00000000080061bc                DMA_Cmd
                0x00000000080061f4                DMA_PeriphIncOffsetSizeConfig
                0x0000000008006228                DMA_FlowControllerConfig
                0x000000000800625c                DMA_SetCurrDataCounter
                0x0000000008006278                DMA_GetCurrDataCounter
                0x0000000008006294                DMA_DoubleBufferModeConfig
                0x00000000080062d0                DMA_DoubleBufferModeCmd
                0x0000000008006308                DMA_MemoryTargetConfig
                0x0000000008006334                DMA_GetCurrentMemoryTarget
                0x0000000008006364                DMA_GetCmdStatus
                0x0000000008006394                DMA_GetFIFOStatus
                0x00000000080063b8                DMA_GetFlagStatus
                0x0000000008006430                DMA_ClearFlag
                0x000000000800648c                DMA_ITConfig
                0x0000000008006500                DMA_GetITStatus
                0x00000000080065b0                DMA_ClearITPendingBit
 .text          0x000000000800660c      0x94c libstm32f4xxspd.a(stm32f4xx_fsmc.o)
                0x000000000800660c                FSMC_NORSRAMDeInit
                0x0000000008006664                FSMC_NORSRAMInit
                0x0000000008006798                FSMC_NORSRAMStructInit
                0x000000000800686c                FSMC_NORSRAMCmd
                0x00000000080068c0                FSMC_NANDDeInit
                0x000000000800691c                FSMC_NANDInit
                0x00000000080069e8                FSMC_NANDStructInit
                0x0000000008006a64                FSMC_NANDCmd
                0x0000000008006ad0                FSMC_NANDECCCmd
                0x0000000008006b3c                FSMC_GetECC
                0x0000000008006b74                FSMC_PCCARDDeInit
                0x0000000008006ba8                FSMC_PCCARDInit
                0x0000000008006c54                FSMC_PCCARDStructInit
                0x0000000008006cd8                FSMC_PCCARDCmd
                0x0000000008006d14                FSMC_ITConfig
                0x0000000008006db4                FSMC_GetFlagStatus
                0x0000000008006e18                FSMC_ClearFlag
                0x0000000008006e74                FSMC_GetITStatus
                0x0000000008006ef4                FSMC_ClearITPendingBit
 .text          0x0000000008006f58      0x48c libstm32f4xxspd.a(stm32f4xx_gpio.o)
                0x0000000008006f58                GPIO_DeInit
                0x0000000008007078                GPIO_Init
                0x0000000008007194                GPIO_StructInit
                0x00000000080071c8                GPIO_PinLockConfig
                0x000000000800720c                GPIO_ReadInputDataBit
                0x0000000008007240                GPIO_ReadInputData
                0x000000000800725c                GPIO_ReadOutputDataBit
                0x0000000008007290                GPIO_ReadOutputData
                0x00000000080072ac                GPIO_SetBits
                0x00000000080072c8                GPIO_ResetBits
                0x00000000080072e4                GPIO_WriteBit
                0x0000000008007314                GPIO_Write
                0x0000000008007330                GPIO_ToggleBits
                0x0000000008007354                GPIO_PinAFConfig
 .text          0x00000000080073e4      0x988 libstm32f4xxspd.a(stm32f4xx_i2c.o)
                0x00000000080073e4                I2C_DeInit
                0x0000000008007458                I2C_Init
                0x00000000080075dc                I2C_StructInit
                0x0000000008007618                I2C_Cmd
                0x0000000008007658                I2C_GenerateSTART
                0x0000000008007698                I2C_GenerateSTOP
                0x00000000080076d8                I2C_Send7bitAddress
                0x0000000008007714                I2C_AcknowledgeConfig
                0x0000000008007754                I2C_OwnAddress2Config
                0x0000000008007794                I2C_DualAddressCmd
                0x00000000080077d4                I2C_GeneralCallCmd
                0x0000000008007814                I2C_SoftwareResetCmd
                0x0000000008007858                I2C_StretchClockCmd
                0x0000000008007898                I2C_FastModeDutyCycleConfig
                0x00000000080078d8                I2C_NACKPositionConfig
                0x0000000008007918                I2C_SMBusAlertConfig
                0x0000000008007958                I2C_ARPCmd
                0x0000000008007998                I2C_SendData
                0x00000000080079b8                I2C_ReceiveData
                0x00000000080079d4                I2C_TransmitPEC
                0x0000000008007a14                I2C_PECPositionConfig
                0x0000000008007a54                I2C_CalculatePEC
                0x0000000008007a94                I2C_GetPEC
                0x0000000008007ab4                I2C_DMACmd
                0x0000000008007af4                I2C_DMALastTransferCmd
                0x0000000008007b34                I2C_ReadRegister
                0x0000000008007b64                I2C_ITConfig
                0x0000000008007bac                I2C_CheckEvent
                0x0000000008007c0c                I2C_GetLastEvent
                0x0000000008007c50                I2C_GetFlagStatus
                0x0000000008007cb8                I2C_ClearFlag
                0x0000000008007ce4                I2C_GetITStatus
                0x0000000008007d40                I2C_ClearITPendingBit
 .text          0x0000000008007d6c      0xa80 libstm32f4xxspd.a(stm32f4xx_rcc.o)
                0x0000000008007d6c                RCC_DeInit
                0x0000000008007dbc                RCC_HSEConfig
                0x0000000008007de0                RCC_WaitForHSEStartUp
                0x0000000008007e30                RCC_AdjustHSICalibrationValue
                0x0000000008007e6c                RCC_HSICmd
                0x0000000008007e8c                RCC_LSEConfig
                0x0000000008007ecc                RCC_LSICmd
                0x0000000008007eec                RCC_PLLConfig
                0x0000000008007f28                RCC_PLLCmd
                0x0000000008007f48                RCC_PLLI2SConfig
                0x0000000008007f70                RCC_PLLI2SCmd
                0x0000000008007f90                RCC_ClockSecuritySystemCmd
                0x0000000008007fb0                RCC_MCO1Config
                0x0000000008007fec                RCC_MCO2Config
                0x0000000008008028                RCC_SYSCLKConfig
                0x0000000008008060                RCC_GetSYSCLKSource
                0x0000000008008080                RCC_HCLKConfig
                0x00000000080080b8                RCC_PCLK1Config
                0x00000000080080f0                RCC_PCLK2Config
                0x0000000008008128                RCC_GetClocksFreq
                0x000000000800827c                RCC_RTCCLKConfig
                0x00000000080082d8                RCC_RTCCLKCmd
                0x00000000080082f8                RCC_BackupResetCmd
                0x0000000008008318                RCC_I2SCLKConfig
                0x0000000008008334                RCC_AHB1PeriphClockCmd
                0x0000000008008370                RCC_AHB2PeriphClockCmd
                0x00000000080083ac                RCC_AHB3PeriphClockCmd
                0x00000000080083e8                RCC_APB1PeriphClockCmd
                0x0000000008008424                RCC_APB2PeriphClockCmd
                0x0000000008008460                RCC_AHB1PeriphResetCmd
                0x000000000800849c                RCC_AHB2PeriphResetCmd
                0x00000000080084d8                RCC_AHB3PeriphResetCmd
                0x0000000008008514                RCC_APB1PeriphResetCmd
                0x0000000008008550                RCC_APB2PeriphResetCmd
                0x000000000800858c                RCC_AHB1PeriphClockLPModeCmd
                0x00000000080085c8                RCC_AHB2PeriphClockLPModeCmd
                0x0000000008008604                RCC_AHB3PeriphClockLPModeCmd
                0x0000000008008640                RCC_APB1PeriphClockLPModeCmd
                0x000000000800867c                RCC_APB2PeriphClockLPModeCmd
                0x00000000080086b8                RCC_ITConfig
                0x0000000008008704                RCC_GetFlagStatus
                0x0000000008008778                RCC_ClearFlag
                0x0000000008008794                RCC_GetITStatus
                0x00000000080087cc                RCC_ClearITPendingBit
 .text          0x00000000080087ec      0x370 /Users/Andrea/Documents/RtDruid/gcc-arm-none-eabi-4_9-2015q3/bin/../lib/gcc/arm-none-eabi/4.9.3/armv7e-m/libgcc.a(_arm_addsubdf3.o)
                0x00000000080087ec                __aeabi_drsub
                0x00000000080087f4                __subdf3
                0x00000000080087f4                __aeabi_dsub
                0x00000000080087f8                __aeabi_dadd
                0x00000000080087f8                __adddf3
                0x0000000008008a70                __aeabi_ui2d
                0x0000000008008a70                __floatunsidf
                0x0000000008008a90                __floatsidf
                0x0000000008008a90                __aeabi_i2d
                0x0000000008008ab4                __extendsfdf2
                0x0000000008008ab4                __aeabi_f2d
                0x0000000008008af0                __aeabi_ul2d
                0x0000000008008af0                __floatundidf
                0x0000000008008b00                __aeabi_l2d
                0x0000000008008b00                __floatdidf
 .text          0x0000000008008b5c      0x424 /Users/Andrea/Documents/RtDruid/gcc-arm-none-eabi-4_9-2015q3/bin/../lib/gcc/arm-none-eabi/4.9.3/armv7e-m/libgcc.a(_arm_muldivdf3.o)
                0x0000000008008b5c                __aeabi_dmul
                0x0000000008008b5c                __muldf3
                0x0000000008008db0                __aeabi_ddiv
                0x0000000008008db0                __divdf3
 .text          0x0000000008008f80      0x110 /Users/Andrea/Documents/RtDruid/gcc-arm-none-eabi-4_9-2015q3/bin/../lib/gcc/arm-none-eabi/4.9.3/armv7e-m/libgcc.a(_arm_cmpdf2.o)
                0x0000000008008f80                __gtdf2
                0x0000000008008f80                __gedf2
                0x0000000008008f88                __ltdf2
                0x0000000008008f88                __ledf2
                0x0000000008008f90                __eqdf2
                0x0000000008008f90                __nedf2
                0x0000000008008f90                __cmpdf2
                0x000000000800900c                __aeabi_cdrcmple
                0x000000000800901c                __aeabi_cdcmple
                0x000000000800901c                __aeabi_cdcmpeq
                0x000000000800902c                __aeabi_dcmpeq
                0x0000000008009040                __aeabi_dcmplt
                0x0000000008009054                __aeabi_dcmple
                0x0000000008009068                __aeabi_dcmpge
                0x000000000800907c                __aeabi_dcmpgt
 .text          0x0000000008009090       0x50 /Users/Andrea/Documents/RtDruid/gcc-arm-none-eabi-4_9-2015q3/bin/../lib/gcc/arm-none-eabi/4.9.3/armv7e-m/libgcc.a(_arm_fixdfsi.o)
                0x0000000008009090                __fixdfsi
                0x0000000008009090                __aeabi_d2iz
 .text          0x00000000080090e0      0x21c /Users/Andrea/Documents/RtDruid/gcc-arm-none-eabi-4_9-2015q3/bin/../lib/gcc/arm-none-eabi/4.9.3/armv7e-m/libgcc.a(_arm_addsubsf3.o)
                0x00000000080090e0                __aeabi_frsub
                0x00000000080090e8                __aeabi_fsub
                0x00000000080090e8                __subsf3
                0x00000000080090ec                __aeabi_fadd
                0x00000000080090ec                __addsf3
                0x000000000800924c                __aeabi_ui2f
                0x000000000800924c                __floatunsisf
                0x0000000008009254                __floatsisf
                0x0000000008009254                __aeabi_i2f
                0x0000000008009270                __aeabi_ul2f
                0x0000000008009270                __floatundisf
                0x0000000008009280                __aeabi_l2f
                0x0000000008009280                __floatdisf
 .text          0x00000000080092fc      0x2a0 /Users/Andrea/Documents/RtDruid/gcc-arm-none-eabi-4_9-2015q3/bin/../lib/gcc/arm-none-eabi/4.9.3/armv7e-m/libgcc.a(_arm_muldivsf3.o)
                0x00000000080092fc                __mulsf3
                0x00000000080092fc                __aeabi_fmul
                0x0000000008009464                __divsf3
                0x0000000008009464                __aeabi_fdiv
 .text          0x000000000800959c       0x4c /Users/Andrea/Documents/RtDruid/gcc-arm-none-eabi-4_9-2015q3/bin/../lib/gcc/arm-none-eabi/4.9.3/armv7e-m/libgcc.a(_arm_fixsfsi.o)
                0x000000000800959c                __fixsfsi
                0x000000000800959c                __aeabi_f2iz
 .text          0x00000000080095e8       0x40 /Users/Andrea/Documents/RtDruid/gcc-arm-none-eabi-4_9-2015q3/bin/../lib/gcc/arm-none-eabi/4.9.3/armv7e-m/libgcc.a(_arm_fixunssfsi.o)
                0x00000000080095e8                __aeabi_f2uiz
                0x00000000080095e8                __fixunssfsi
 .text          0x0000000008009628        0x0 /Users/Andrea/Documents/RtDruid/gcc-arm-none-eabi-4_9-2015q3/arm-none-eabi/lib/thumb/libc.a(lib_a-exit.o)
 .text.exit     0x0000000008009628       0x28 /Users/Andrea/Documents/RtDruid/gcc-arm-none-eabi-4_9-2015q3/arm-none-eabi/lib/thumb/libc.a(lib_a-exit.o)
                0x0000000008009628                exit
 .text          0x0000000008009650        0x0 /Users/Andrea/Documents/RtDruid/gcc-arm-none-eabi-4_9-2015q3/arm-none-eabi/lib/thumb/libc.a(lib_a-impure.o)
 .text          0x0000000008009650        0x0 /Users/Andrea/Documents/RtDruid/gcc-arm-none-eabi-4_9-2015q3/arm-none-eabi/lib/thumb/libc.a(lib_a-init.o)
 .text.__libc_init_array
                0x0000000008009650       0x58 /Users/Andrea/Documents/RtDruid/gcc-arm-none-eabi-4_9-2015q3/arm-none-eabi/lib/thumb/libc.a(lib_a-init.o)
                0x0000000008009650                __libc_init_array
 .text          0x00000000080096a8        0x0 /Users/Andrea/Documents/RtDruid/gcc-arm-none-eabi-4_9-2015q3/arm-none-eabi/lib/thumb/libc.a(lib_a-memset.o)
 .text.memset   0x00000000080096a8       0x94 /Users/Andrea/Documents/RtDruid/gcc-arm-none-eabi-4_9-2015q3/arm-none-eabi/lib/thumb/libc.a(lib_a-memset.o)
                0x00000000080096a8                memset
 .text          0x000000000800973c        0x0 /Users/Andrea/Documents/RtDruid/gcc-arm-none-eabi-4_9-2015q3/arm-none-eabi/lib/thumb/libc.a(lib_a-sprintf.o)
 .text._sprintf_r
                0x000000000800973c       0x40 /Users/Andrea/Documents/RtDruid/gcc-arm-none-eabi-4_9-2015q3/arm-none-eabi/lib/thumb/libc.a(lib_a-sprintf.o)
                0x000000000800973c                _sprintf_r
 .text.sprintf  0x000000000800977c       0x44 /Users/Andrea/Documents/RtDruid/gcc-arm-none-eabi-4_9-2015q3/arm-none-eabi/lib/thumb/libc.a(lib_a-sprintf.o)
                0x000000000800977c                sprintf
 .text          0x00000000080097c0        0x0 /Users/Andrea/Documents/RtDruid/gcc-arm-none-eabi-4_9-2015q3/arm-none-eabi/lib/thumb/libc.a(lib_a-svfprintf.o)
 .text._svfprintf_r
                0x00000000080097c0     0x147c /Users/Andrea/Documents/RtDruid/gcc-arm-none-eabi-4_9-2015q3/arm-none-eabi/lib/thumb/libc.a(lib_a-svfprintf.o)
                0x00000000080097c0                _svfprintf_r
 .text          0x000000000800ac3c        0x0 /Users/Andrea/Documents/RtDruid/gcc-arm-none-eabi-4_9-2015q3/arm-none-eabi/lib/thumb/libc.a(lib_a-__call_atexit.o)
 .text.startup.register_fini
                0x000000000800ac3c       0x1c /Users/Andrea/Documents/RtDruid/gcc-arm-none-eabi-4_9-2015q3/arm-none-eabi/lib/thumb/libc.a(lib_a-__call_atexit.o)
 .text.__call_exitprocs
                0x000000000800ac58      0x118 /Users/Andrea/Documents/RtDruid/gcc-arm-none-eabi-4_9-2015q3/arm-none-eabi/lib/thumb/libc.a(lib_a-__call_atexit.o)
                0x000000000800ac58                __call_exitprocs
 .text          0x000000000800ad70        0x0 /Users/Andrea/Documents/RtDruid/gcc-arm-none-eabi-4_9-2015q3/arm-none-eabi/lib/thumb/libc.a(lib_a-atexit.o)
 .text.atexit   0x000000000800ad70       0x14 /Users/Andrea/Documents/RtDruid/gcc-arm-none-eabi-4_9-2015q3/arm-none-eabi/lib/thumb/libc.a(lib_a-atexit.o)
                0x000000000800ad70                atexit
 .text          0x000000000800ad84        0x0 /Users/Andrea/Documents/RtDruid/gcc-arm-none-eabi-4_9-2015q3/arm-none-eabi/lib/thumb/libc.a(lib_a-dtoa.o)
 .text.quorem   0x000000000800ad84      0x160 /Users/Andrea/Documents/RtDruid/gcc-arm-none-eabi-4_9-2015q3/arm-none-eabi/lib/thumb/libc.a(lib_a-dtoa.o)
 .text._dtoa_r  0x000000000800aee4     0x102c /Users/Andrea/Documents/RtDruid/gcc-arm-none-eabi-4_9-2015q3/arm-none-eabi/lib/thumb/libc.a(lib_a-dtoa.o)
                0x000000000800aee4                _dtoa_r
 .text          0x000000000800bf10        0x0 /Users/Andrea/Documents/RtDruid/gcc-arm-none-eabi-4_9-2015q3/arm-none-eabi/lib/thumb/libc.a(lib_a-fini.o)
 .text.__libc_fini_array
                0x000000000800bf10       0x3c /Users/Andrea/Documents/RtDruid/gcc-arm-none-eabi-4_9-2015q3/arm-none-eabi/lib/thumb/libc.a(lib_a-fini.o)
                0x000000000800bf10                __libc_fini_array
 .text          0x000000000800bf4c        0x0 /Users/Andrea/Documents/RtDruid/gcc-arm-none-eabi-4_9-2015q3/arm-none-eabi/lib/thumb/libc.a(lib_a-locale.o)
 .text._setlocale_r
                0x000000000800bf4c       0x48 /Users/Andrea/Documents/RtDruid/gcc-arm-none-eabi-4_9-2015q3/arm-none-eabi/lib/thumb/libc.a(lib_a-locale.o)
                0x000000000800bf4c                _setlocale_r
 .text.__locale_charset
                0x000000000800bf94        0x8 /Users/Andrea/Documents/RtDruid/gcc-arm-none-eabi-4_9-2015q3/arm-none-eabi/lib/thumb/libc.a(lib_a-locale.o)
                0x000000000800bf94                __locale_charset
 .text.__locale_mb_cur_max
                0x000000000800bf9c        0xc /Users/Andrea/Documents/RtDruid/gcc-arm-none-eabi-4_9-2015q3/arm-none-eabi/lib/thumb/libc.a(lib_a-locale.o)
                0x000000000800bf9c                __locale_mb_cur_max
 .text.__locale_msgcharset
                0x000000000800bfa8        0x8 /Users/Andrea/Documents/RtDruid/gcc-arm-none-eabi-4_9-2015q3/arm-none-eabi/lib/thumb/libc.a(lib_a-locale.o)
                0x000000000800bfa8                __locale_msgcharset
 .text.__locale_cjk_lang
                0x000000000800bfb0        0x4 /Users/Andrea/Documents/RtDruid/gcc-arm-none-eabi-4_9-2015q3/arm-none-eabi/lib/thumb/libc.a(lib_a-locale.o)
                0x000000000800bfb0                __locale_cjk_lang
 .text._localeconv_r
                0x000000000800bfb4        0x8 /Users/Andrea/Documents/RtDruid/gcc-arm-none-eabi-4_9-2015q3/arm-none-eabi/lib/thumb/libc.a(lib_a-locale.o)
                0x000000000800bfb4                _localeconv_r
 .text.setlocale
                0x000000000800bfbc       0x1c /Users/Andrea/Documents/RtDruid/gcc-arm-none-eabi-4_9-2015q3/arm-none-eabi/lib/thumb/libc.a(lib_a-locale.o)
                0x000000000800bfbc                setlocale
 .text.localeconv
                0x000000000800bfd8        0x8 /Users/Andrea/Documents/RtDruid/gcc-arm-none-eabi-4_9-2015q3/arm-none-eabi/lib/thumb/libc.a(lib_a-locale.o)
                0x000000000800bfd8                localeconv
 .text          0x000000000800bfe0        0x0 /Users/Andrea/Documents/RtDruid/gcc-arm-none-eabi-4_9-2015q3/arm-none-eabi/lib/thumb/libc.a(lib_a-mallocr.o)
 .text._malloc_r
                0x000000000800bfe0      0x54c /Users/Andrea/Documents/RtDruid/gcc-arm-none-eabi-4_9-2015q3/arm-none-eabi/lib/thumb/libc.a(lib_a-mallocr.o)
                0x000000000800bfe0                _malloc_r
 .text          0x000000000800c52c        0x0 /Users/Andrea/Documents/RtDruid/gcc-arm-none-eabi-4_9-2015q3/arm-none-eabi/lib/thumb/libc.a(lib_a-memchr.o)
 .text.memchr   0x000000000800c52c       0x8c /Users/Andrea/Documents/RtDruid/gcc-arm-none-eabi-4_9-2015q3/arm-none-eabi/lib/thumb/libc.a(lib_a-memchr.o)
                0x000000000800c52c                memchr
 .text          0x000000000800c5b8        0x0 /Users/Andrea/Documents/RtDruid/gcc-arm-none-eabi-4_9-2015q3/arm-none-eabi/lib/thumb/libc.a(lib_a-memcpy.o)
 .text.memcpy   0x000000000800c5b8       0x80 /Users/Andrea/Documents/RtDruid/gcc-arm-none-eabi-4_9-2015q3/arm-none-eabi/lib/thumb/libc.a(lib_a-memcpy.o)
                0x000000000800c5b8                memcpy
 .text          0x000000000800c638        0x0 /Users/Andrea/Documents/RtDruid/gcc-arm-none-eabi-4_9-2015q3/arm-none-eabi/lib/thumb/libc.a(lib_a-mlock.o)
 .text.__malloc_lock
                0x000000000800c638        0x4 /Users/Andrea/Documents/RtDruid/gcc-arm-none-eabi-4_9-2015q3/arm-none-eabi/lib/thumb/libc.a(lib_a-mlock.o)
                0x000000000800c638                __malloc_lock
 .text.__malloc_unlock
                0x000000000800c63c        0x4 /Users/Andrea/Documents/RtDruid/gcc-arm-none-eabi-4_9-2015q3/arm-none-eabi/lib/thumb/libc.a(lib_a-mlock.o)
                0x000000000800c63c                __malloc_unlock
 .text          0x000000000800c640        0x0 /Users/Andrea/Documents/RtDruid/gcc-arm-none-eabi-4_9-2015q3/arm-none-eabi/lib/thumb/libc.a(lib_a-mprec.o)
 .text._Balloc  0x000000000800c640       0x54 /Users/Andrea/Documents/RtDruid/gcc-arm-none-eabi-4_9-2015q3/arm-none-eabi/lib/thumb/libc.a(lib_a-mprec.o)
                0x000000000800c640                _Balloc
 .text._Bfree   0x000000000800c694       0x14 /Users/Andrea/Documents/RtDruid/gcc-arm-none-eabi-4_9-2015q3/arm-none-eabi/lib/thumb/libc.a(lib_a-mprec.o)
                0x000000000800c694                _Bfree
 .text.__multadd
                0x000000000800c6a8       0x98 /Users/Andrea/Documents/RtDruid/gcc-arm-none-eabi-4_9-2015q3/arm-none-eabi/lib/thumb/libc.a(lib_a-mprec.o)
                0x000000000800c6a8                __multadd
 .text.__s2b    0x000000000800c740       0x98 /Users/Andrea/Documents/RtDruid/gcc-arm-none-eabi-4_9-2015q3/arm-none-eabi/lib/thumb/libc.a(lib_a-mprec.o)
                0x000000000800c740                __s2b
 .text.__hi0bits
                0x000000000800c7d8       0x3c /Users/Andrea/Documents/RtDruid/gcc-arm-none-eabi-4_9-2015q3/arm-none-eabi/lib/thumb/libc.a(lib_a-mprec.o)
                0x000000000800c7d8                __hi0bits
 .text.__lo0bits
                0x000000000800c814       0x5c /Users/Andrea/Documents/RtDruid/gcc-arm-none-eabi-4_9-2015q3/arm-none-eabi/lib/thumb/libc.a(lib_a-mprec.o)
                0x000000000800c814                __lo0bits
 .text.__i2b    0x000000000800c870       0x18 /Users/Andrea/Documents/RtDruid/gcc-arm-none-eabi-4_9-2015q3/arm-none-eabi/lib/thumb/libc.a(lib_a-mprec.o)
                0x000000000800c870                __i2b
 .text.__multiply
                0x000000000800c888      0x170 /Users/Andrea/Documents/RtDruid/gcc-arm-none-eabi-4_9-2015q3/arm-none-eabi/lib/thumb/libc.a(lib_a-mprec.o)
                0x000000000800c888                __multiply
 .text.__pow5mult
                0x000000000800c9f8       0xc0 /Users/Andrea/Documents/RtDruid/gcc-arm-none-eabi-4_9-2015q3/arm-none-eabi/lib/thumb/libc.a(lib_a-mprec.o)
                0x000000000800c9f8                __pow5mult
 .text.__lshift
                0x000000000800cab8       0xd0 /Users/Andrea/Documents/RtDruid/gcc-arm-none-eabi-4_9-2015q3/arm-none-eabi/lib/thumb/libc.a(lib_a-mprec.o)
                0x000000000800cab8                __lshift
 .text.__mcmp   0x000000000800cb88       0x3c /Users/Andrea/Documents/RtDruid/gcc-arm-none-eabi-4_9-2015q3/arm-none-eabi/lib/thumb/libc.a(lib_a-mprec.o)
                0x000000000800cb88                __mcmp
 .text.__mdiff  0x000000000800cbc4       0xf0 /Users/Andrea/Documents/RtDruid/gcc-arm-none-eabi-4_9-2015q3/arm-none-eabi/lib/thumb/libc.a(lib_a-mprec.o)
                0x000000000800cbc4                __mdiff
 .text.__ulp    0x000000000800ccb4       0x4c /Users/Andrea/Documents/RtDruid/gcc-arm-none-eabi-4_9-2015q3/arm-none-eabi/lib/thumb/libc.a(lib_a-mprec.o)
                0x000000000800ccb4                __ulp
 .text.__b2d    0x000000000800cd00       0xe0 /Users/Andrea/Documents/RtDruid/gcc-arm-none-eabi-4_9-2015q3/arm-none-eabi/lib/thumb/libc.a(lib_a-mprec.o)
                0x000000000800cd00                __b2d
 .text.__d2b    0x000000000800cde0       0xc0 /Users/Andrea/Documents/RtDruid/gcc-arm-none-eabi-4_9-2015q3/arm-none-eabi/lib/thumb/libc.a(lib_a-mprec.o)
                0x000000000800cde0                __d2b
 .text.__ratio  0x000000000800cea0       0x74 /Users/Andrea/Documents/RtDruid/gcc-arm-none-eabi-4_9-2015q3/arm-none-eabi/lib/thumb/libc.a(lib_a-mprec.o)
                0x000000000800cea0                __ratio
 .text._mprec_log10
                0x000000000800cf14       0x38 /Users/Andrea/Documents/RtDruid/gcc-arm-none-eabi-4_9-2015q3/arm-none-eabi/lib/thumb/libc.a(lib_a-mprec.o)
                0x000000000800cf14                _mprec_log10
 .text.__copybits
                0x000000000800cf4c       0x44 /Users/Andrea/Documents/RtDruid/gcc-arm-none-eabi-4_9-2015q3/arm-none-eabi/lib/thumb/libc.a(lib_a-mprec.o)
                0x000000000800cf4c                __copybits
 .text.__any_on
                0x000000000800cf90       0x64 /Users/Andrea/Documents/RtDruid/gcc-arm-none-eabi-4_9-2015q3/arm-none-eabi/lib/thumb/libc.a(lib_a-mprec.o)
                0x000000000800cf90                __any_on
 .text          0x000000000800cff4        0x0 /Users/Andrea/Documents/RtDruid/gcc-arm-none-eabi-4_9-2015q3/arm-none-eabi/lib/thumb/libc.a(lib_a-s_fpclassify.o)
 .text.__fpclassifyd
                0x000000000800cff4       0x5c /Users/Andrea/Documents/RtDruid/gcc-arm-none-eabi-4_9-2015q3/arm-none-eabi/lib/thumb/libc.a(lib_a-s_fpclassify.o)
                0x000000000800cff4                __fpclassifyd
 .text          0x000000000800d050        0x0 /Users/Andrea/Documents/RtDruid/gcc-arm-none-eabi-4_9-2015q3/arm-none-eabi/lib/thumb/libc.a(lib_a-sbrkr.o)
 .text._sbrk_r  0x000000000800d050       0x28 /Users/Andrea/Documents/RtDruid/gcc-arm-none-eabi-4_9-2015q3/arm-none-eabi/lib/thumb/libc.a(lib_a-sbrkr.o)
                0x000000000800d050                _sbrk_r
 .text          0x000000000800d078      0x224 /Users/Andrea/Documents/RtDruid/gcc-arm-none-eabi-4_9-2015q3/arm-none-eabi/lib/thumb/libc.a(lib_a-strcmp.o)
                0x000000000800d078                strcmp
 .text          0x000000000800d29c        0x0 /Users/Andrea/Documents/RtDruid/gcc-arm-none-eabi-4_9-2015q3/arm-none-eabi/lib/thumb/libc.a(lib_a-strlen.o)
 .text.strlen   0x000000000800d29c       0x6c /Users/Andrea/Documents/RtDruid/gcc-arm-none-eabi-4_9-2015q3/arm-none-eabi/lib/thumb/libc.a(lib_a-strlen.o)
                0x000000000800d29c                strlen
 .text          0x000000000800d308        0x0 /Users/Andrea/Documents/RtDruid/gcc-arm-none-eabi-4_9-2015q3/arm-none-eabi/lib/thumb/libc.a(lib_a-svfiprintf.o)
 .text.__ssprint_r
                0x000000000800d308      0x134 /Users/Andrea/Documents/RtDruid/gcc-arm-none-eabi-4_9-2015q3/arm-none-eabi/lib/thumb/libc.a(lib_a-svfiprintf.o)
                0x000000000800d308                __ssprint_r
 .text._svfiprintf_r
                0x000000000800d43c      0x9d8 /Users/Andrea/Documents/RtDruid/gcc-arm-none-eabi-4_9-2015q3/arm-none-eabi/lib/thumb/libc.a(lib_a-svfiprintf.o)
                0x000000000800d43c                _svfiprintf_r
 .text          0x000000000800de14        0x0 /Users/Andrea/Documents/RtDruid/gcc-arm-none-eabi-4_9-2015q3/arm-none-eabi/lib/thumb/libc.a(lib_a-__atexit.o)
 .text.__register_exitproc
                0x000000000800de14       0xd8 /Users/Andrea/Documents/RtDruid/gcc-arm-none-eabi-4_9-2015q3/arm-none-eabi/lib/thumb/libc.a(lib_a-__atexit.o)
                0x000000000800de14                __register_exitproc
 .text          0x000000000800deec        0x0 /Users/Andrea/Documents/RtDruid/gcc-arm-none-eabi-4_9-2015q3/arm-none-eabi/lib/thumb/libc.a(lib_a-callocr.o)
 .text._calloc_r
                0x000000000800deec       0x64 /Users/Andrea/Documents/RtDruid/gcc-arm-none-eabi-4_9-2015q3/arm-none-eabi/lib/thumb/libc.a(lib_a-callocr.o)
                0x000000000800deec                _calloc_r
 .text          0x000000000800df50        0x0 /Users/Andrea/Documents/RtDruid/gcc-arm-none-eabi-4_9-2015q3/arm-none-eabi/lib/thumb/libc.a(lib_a-freer.o)
 .text._malloc_trim_r
                0x000000000800df50       0xa4 /Users/Andrea/Documents/RtDruid/gcc-arm-none-eabi-4_9-2015q3/arm-none-eabi/lib/thumb/libc.a(lib_a-freer.o)
                0x000000000800df50                _malloc_trim_r
 .text._free_r  0x000000000800dff4      0x1b4 /Users/Andrea/Documents/RtDruid/gcc-arm-none-eabi-4_9-2015q3/arm-none-eabi/lib/thumb/libc.a(lib_a-freer.o)
                0x000000000800dff4                _free_r
 .text          0x000000000800e1a8        0x0 /Users/Andrea/Documents/RtDruid/gcc-arm-none-eabi-4_9-2015q3/arm-none-eabi/lib/thumb/libc.a(lib_a-memmove.o)
 .text.memmove  0x000000000800e1a8       0x9c /Users/Andrea/Documents/RtDruid/gcc-arm-none-eabi-4_9-2015q3/arm-none-eabi/lib/thumb/libc.a(lib_a-memmove.o)
                0x000000000800e1a8                memmove
 .text          0x000000000800e244        0x0 /Users/Andrea/Documents/RtDruid/gcc-arm-none-eabi-4_9-2015q3/arm-none-eabi/lib/thumb/libc.a(lib_a-reallocr.o)
 .text._realloc_r
                0x000000000800e244      0x3dc /Users/Andrea/Documents/RtDruid/gcc-arm-none-eabi-4_9-2015q3/arm-none-eabi/lib/thumb/libc.a(lib_a-reallocr.o)
                0x000000000800e244                _realloc_r
 .text          0x000000000800e620        0x0 /Users/Andrea/Documents/RtDruid/gcc-arm-none-eabi-4_9-2015q3/arm-none-eabi/lib/thumb/libc.a(lib_a-reent.o)
 .text.cleanup_glue
                0x000000000800e620       0x20 /Users/Andrea/Documents/RtDruid/gcc-arm-none-eabi-4_9-2015q3/arm-none-eabi/lib/thumb/libc.a(lib_a-reent.o)
                0x000000000800e620                cleanup_glue
 .text._reclaim_reent
                0x000000000800e640       0xa0 /Users/Andrea/Documents/RtDruid/gcc-arm-none-eabi-4_9-2015q3/arm-none-eabi/lib/thumb/libc.a(lib_a-reent.o)
                0x000000000800e640                _reclaim_reent
 .text          0x000000000800e6e0        0x0 /Users/Andrea/Documents/RtDruid/gcc-arm-none-eabi-4_9-2015q3/arm-none-eabi/lib/thumb/libnosys.a(sbrk.o)
 .text._sbrk    0x000000000800e6e0       0x1c /Users/Andrea/Documents/RtDruid/gcc-arm-none-eabi-4_9-2015q3/arm-none-eabi/lib/thumb/libnosys.a(sbrk.o)
                0x000000000800e6e0                _sbrk
 .text          0x000000000800e6fc       0x24 /Users/Andrea/Documents/RtDruid/gcc-arm-none-eabi-4_9-2015q3/bin/../lib/gcc/arm-none-eabi/4.9.3/armv7e-m/libgcc.a(_udivsi3.o)
                0x000000000800e6fc                __udivsi3
                0x000000000800e6fc                __aeabi_uidiv
                0x000000000800e710                __aeabi_uidivmod
 .text          0x000000000800e720       0x2c /Users/Andrea/Documents/RtDruid/gcc-arm-none-eabi-4_9-2015q3/bin/../lib/gcc/arm-none-eabi/4.9.3/armv7e-m/libgcc.a(_divsi3.o)
                0x000000000800e720                __aeabi_idiv
                0x000000000800e720                __divsi3
                0x000000000800e73c                __aeabi_idivmod
 .text          0x000000000800e74c        0x4 /Users/Andrea/Documents/RtDruid/gcc-arm-none-eabi-4_9-2015q3/bin/../lib/gcc/arm-none-eabi/4.9.3/armv7e-m/libgcc.a(_dvmd_tls.o)
                0x000000000800e74c                __aeabi_ldiv0
                0x000000000800e74c                __aeabi_idiv0
 .text          0x000000000800e750       0x30 /Users/Andrea/Documents/RtDruid/gcc-arm-none-eabi-4_9-2015q3/bin/../lib/gcc/arm-none-eabi/4.9.3/armv7e-m/libgcc.a(_aeabi_uldivmod.o)
                0x000000000800e750                __aeabi_uldivmod
 .text          0x000000000800e780       0x60 /Users/Andrea/Documents/RtDruid/gcc-arm-none-eabi-4_9-2015q3/bin/../lib/gcc/arm-none-eabi/4.9.3/armv7e-m/libgcc.a(bpabi.o)
                0x000000000800e780                __gnu_ldivmod_helper
                0x000000000800e7b0                __gnu_uldivmod_helper
 .text          0x000000000800e7e0      0x29c /Users/Andrea/Documents/RtDruid/gcc-arm-none-eabi-4_9-2015q3/bin/../lib/gcc/arm-none-eabi/4.9.3/armv7e-m/libgcc.a(_divdi3.o)
                0x000000000800e7e0                __divdi3
 .text          0x000000000800ea7c      0x26c /Users/Andrea/Documents/RtDruid/gcc-arm-none-eabi-4_9-2015q3/bin/../lib/gcc/arm-none-eabi/4.9.3/armv7e-m/libgcc.a(_udivdi3.o)
                0x000000000800ea7c                __udivdi3
 .text          0x000000000800ece8        0x0 /Users/Andrea/Documents/RtDruid/gcc-arm-none-eabi-4_9-2015q3/bin/../lib/gcc/arm-none-eabi/4.9.3/armv7e-m/crtend.o
 .text          0x000000000800ece8        0x0 /Users/Andrea/Documents/RtDruid/gcc-arm-none-eabi-4_9-2015q3/bin/../lib/gcc/arm-none-eabi/4.9.3/armv7e-m/crtn.o
 *(.init)
 .init          0x000000000800ece8        0x4 /Users/Andrea/Documents/RtDruid/gcc-arm-none-eabi-4_9-2015q3/bin/../lib/gcc/arm-none-eabi/4.9.3/armv7e-m/crti.o
                0x000000000800ece8                _init
 .init          0x000000000800ecec        0x8 /Users/Andrea/Documents/RtDruid/gcc-arm-none-eabi-4_9-2015q3/bin/../lib/gcc/arm-none-eabi/4.9.3/armv7e-m/crtn.o
 *(.fini)
 .fini          0x000000000800ecf4        0x4 /Users/Andrea/Documents/RtDruid/gcc-arm-none-eabi-4_9-2015q3/bin/../lib/gcc/arm-none-eabi/4.9.3/armv7e-m/crti.o
                0x000000000800ecf4                _fini
 .fini          0x000000000800ecf8        0x8 /Users/Andrea/Documents/RtDruid/gcc-arm-none-eabi-4_9-2015q3/bin/../lib/gcc/arm-none-eabi/4.9.3/armv7e-m/crtn.o
 *crtbegin.o(.ctors)
 *crtbegin.o(.ctors)
 *crtbegin?.o(.ctors)
 *(EXCLUDE_FILE(*crtend.o *crtend?.o) .ctors)
 *(SORT(.ctors.*))
 *(.ctors)
 *crtbegin.o(.dtors)
 *crtbegin?.o(.dtors)
 *(EXCLUDE_FILE(*crtend.o *crtend?.o) .dtors)
 *(SORT(.dtors.*))
 *(.dtors)
 *(.rodata*)
 .rodata        0x000000000800ed00       0x4d obj/Touch.o
 *fill*         0x000000000800ed4d        0x3 
 .rodata        0x000000000800ed50       0xe0 obj/WidgetConfig.o
                0x000000000800ed50                MyWatchScr
 .rodata        0x000000000800ee30       0x16 obj/code.o
 *fill*         0x000000000800ee46        0x2 
 .rodata        0x000000000800ee48       0x15 obj/debug.o
 *fill*         0x000000000800ee5d        0x3 
 .rodata        0x000000000800ee60       0x70 obj/eecfg.o
                0x000000000800ee64                EE_hal_thread_body
                0x000000000800ee6c                EE_terminate_real_th_body
                0x000000000800ee74                EE_th_ready_prio
                0x000000000800ee7c                EE_th_dispatch_prio
                0x000000000800ee84                EE_counter_ROM
                0x000000000800ee90                EE_alarm_ROM
                0x000000000800ee98                EE_oo_counter_object_ROM
                0x000000000800eeb0                EE_oo_action_ROM
 .rodata        0x000000000800eed0    0x58cd6 obj/pictures.o
                0x000000000800eed0                ImageBuffer
                0x0000000008034708                ImageBuffer1
                0x0000000008059f40                icontime_on
                0x000000000805ac4c                icontime_off
                0x000000000805b958                icontimeset_on
                0x000000000805c664                icontimeset_off
                0x000000000805d370                iconalarm_on
                0x000000000805e06c                iconalarm_off
                0x000000000805ed68                iconswatch_on
                0x000000000805f960                iconswatch_off
                0x0000000008060558                text_bdrop
                0x0000000008065460                icontimeset_m
                0x00000000080661b0                iconalarm_m
                0x0000000008066eac                iconalarm_a
 *fill*         0x0000000008067ba6        0x2 
 .rodata        0x0000000008067ba8     0x29d0 obj/stm32f4_discovery_lcd.o
                0x0000000008067ba8                ASCII16x24_Table
                0x0000000008068d78                ASCII12x12_Table
                0x0000000008069678                ASCII8x12_Table
                0x0000000008069f78                ASCII8x8_Table
 .rodata        0x000000000806a578        0x4 libee.a(ee_hal_structs.o)
 .rodata        0x000000000806a57c        0x4 libee.a(ee_utils.o)
 .rodata        0x000000000806a580        0x4 libee.a(ee_irqendin.o)
 .rodata        0x000000000806a584        0x4 libee.a(ee_tstub.o)
 .rodata        0x000000000806a588        0x4 libee.a(ee_lookup.o)
 .rodata        0x000000000806a58c        0x4 libee.a(ee_rq_exchg.o)
 .rodata        0x000000000806a590        0x4 libee.a(ee_alsetrel.o)
 .rodata        0x000000000806a594        0x4 libee.a(ee_altick.o)
 .rodata        0x000000000806a598        0x4 libee.a(ee_context.o)
 .rodata        0x000000000806a59c        0x4 libee.a(ee_tnterm.o)
 .rodata        0x000000000806a5a0        0x4 libee.a(ee_rq_inser.o)
 .rodata        0x000000000806a5a4        0x4 libee.a(ee_context.o)
 .rodata        0x000000000806a5a8        0x4 libee.a(ee_thendin.o)
 .rodata.str1.4
                0x000000000806a5ac        0x2 /Users/Andrea/Documents/RtDruid/gcc-arm-none-eabi-4_9-2015q3/arm-none-eabi/lib/thumb/libc.a(lib_a-impure.o)
 *fill*         0x000000000806a5ae        0x2 
 .rodata._global_impure_ptr
                0x000000000806a5b0        0x4 /Users/Andrea/Documents/RtDruid/gcc-arm-none-eabi-4_9-2015q3/arm-none-eabi/lib/thumb/libc.a(lib_a-impure.o)
                0x000000000806a5b0                _global_impure_ptr
 .rodata._svfprintf_r
                0x000000000806a5b4      0x164 /Users/Andrea/Documents/RtDruid/gcc-arm-none-eabi-4_9-2015q3/arm-none-eabi/lib/thumb/libc.a(lib_a-svfprintf.o)
 .rodata.zeroes.6911
                0x000000000806a718       0x10 /Users/Andrea/Documents/RtDruid/gcc-arm-none-eabi-4_9-2015q3/arm-none-eabi/lib/thumb/libc.a(lib_a-svfprintf.o)
 .rodata.blanks.6910
                0x000000000806a728       0x10 /Users/Andrea/Documents/RtDruid/gcc-arm-none-eabi-4_9-2015q3/arm-none-eabi/lib/thumb/libc.a(lib_a-svfprintf.o)
 .rodata.str1.4
                0x000000000806a738       0x42 /Users/Andrea/Documents/RtDruid/gcc-arm-none-eabi-4_9-2015q3/arm-none-eabi/lib/thumb/libc.a(lib_a-svfprintf.o)
 *fill*         0x000000000806a77a        0x2 
 .rodata.str1.4
                0x000000000806a77c       0x10 /Users/Andrea/Documents/RtDruid/gcc-arm-none-eabi-4_9-2015q3/arm-none-eabi/lib/thumb/libc.a(lib_a-dtoa.o)
                                         0x12 (size before relaxing)
 .rodata.str1.4
                0x000000000806a78c        0xc /Users/Andrea/Documents/RtDruid/gcc-arm-none-eabi-4_9-2015q3/arm-none-eabi/lib/thumb/libc.a(lib_a-locale.o)
                                         0x12 (size before relaxing)
 .rodata.__mprec_tens
                0x000000000806a798       0xc8 /Users/Andrea/Documents/RtDruid/gcc-arm-none-eabi-4_9-2015q3/arm-none-eabi/lib/thumb/libc.a(lib_a-mprec.o)
                0x000000000806a798                __mprec_tens
 .rodata.p05.5302
                0x000000000806a860        0xc /Users/Andrea/Documents/RtDruid/gcc-arm-none-eabi-4_9-2015q3/arm-none-eabi/lib/thumb/libc.a(lib_a-mprec.o)
 *fill*         0x000000000806a86c        0x4 
 .rodata.__mprec_bigtens
                0x000000000806a870       0x28 /Users/Andrea/Documents/RtDruid/gcc-arm-none-eabi-4_9-2015q3/arm-none-eabi/lib/thumb/libc.a(lib_a-mprec.o)
                0x000000000806a870                __mprec_bigtens
 .rodata.__mprec_tinytens
                0x000000000806a898       0x28 /Users/Andrea/Documents/RtDruid/gcc-arm-none-eabi-4_9-2015q3/arm-none-eabi/lib/thumb/libc.a(lib_a-mprec.o)
                0x000000000806a898                __mprec_tinytens
 .rodata._svfiprintf_r
                0x000000000806a8c0      0x164 /Users/Andrea/Documents/RtDruid/gcc-arm-none-eabi-4_9-2015q3/arm-none-eabi/lib/thumb/libc.a(lib_a-svfiprintf.o)
 .rodata.blanks.6854
                0x000000000806aa24       0x10 /Users/Andrea/Documents/RtDruid/gcc-arm-none-eabi-4_9-2015q3/arm-none-eabi/lib/thumb/libc.a(lib_a-svfiprintf.o)
 .rodata.str1.4
                0x0000000000000000       0x2f /Users/Andrea/Documents/RtDruid/gcc-arm-none-eabi-4_9-2015q3/arm-none-eabi/lib/thumb/libc.a(lib_a-svfiprintf.o)
 .rodata.zeroes.6855
                0x000000000806aa34       0x10 /Users/Andrea/Documents/RtDruid/gcc-arm-none-eabi-4_9-2015q3/arm-none-eabi/lib/thumb/libc.a(lib_a-svfiprintf.o)
 *(.eh_frame*)
 .eh_frame      0x000000000806aa44        0x0 /Users/Andrea/Documents/RtDruid/gcc-arm-none-eabi-4_9-2015q3/bin/../lib/gcc/arm-none-eabi/4.9.3/armv7e-m/crtbegin.o
 .eh_frame      0x000000000806aa44       0x44 /Users/Andrea/Documents/RtDruid/gcc-arm-none-eabi-4_9-2015q3/arm-none-eabi/lib/thumb/libc.a(lib_a-strcmp.o)
 .eh_frame      0x000000000806aa88        0x4 /Users/Andrea/Documents/RtDruid/gcc-arm-none-eabi-4_9-2015q3/bin/../lib/gcc/arm-none-eabi/4.9.3/armv7e-m/crtend.o

.glue_7         0x000000000806aa8c        0x0
 .glue_7        0x0000000000000000        0x0 linker stubs

.glue_7t        0x000000000806aa8c        0x0
 .glue_7t       0x0000000000000000        0x0 linker stubs

.vfp11_veneer   0x000000000806aa8c        0x0
 .vfp11_veneer  0x0000000000000000        0x0 linker stubs

.v4_bx          0x000000000806aa8c        0x0
 .v4_bx         0x0000000000000000        0x0 linker stubs

.iplt           0x000000000806aa8c        0x0
 .iplt          0x0000000000000000        0x0 /Users/Andrea/Documents/RtDruid/gcc-arm-none-eabi-4_9-2015q3/bin/../lib/gcc/arm-none-eabi/4.9.3/armv7e-m/crtbegin.o

.ARM.extab      0x000000000806aa8c        0x0
 *(.ARM.extab* .gnu.linkonce.armextab.*)
 .ARM.extab     0x000000000806aa8c        0x0 /Users/Andrea/Documents/RtDruid/gcc-arm-none-eabi-4_9-2015q3/bin/../lib/gcc/arm-none-eabi/4.9.3/../../../../arm-none-eabi/lib/armv7e-m/crt0.o
 .ARM.extab     0x000000000806aa8c        0x0 /Users/Andrea/Documents/RtDruid/gcc-arm-none-eabi-4_9-2015q3/bin/../lib/gcc/arm-none-eabi/4.9.3/armv7e-m/libgcc.a(_divdi3.o)
 .ARM.extab     0x000000000806aa8c        0x0 /Users/Andrea/Documents/RtDruid/gcc-arm-none-eabi-4_9-2015q3/bin/../lib/gcc/arm-none-eabi/4.9.3/armv7e-m/libgcc.a(_udivdi3.o)
                0x000000000806aa8c                __exidx_start = .

.ARM.exidx      0x000000000806aa8c        0x8
 *(.ARM.exidx* .gnu.linkonce.armexidx.*)
 .ARM.exidx     0x000000000806aa8c        0x8 /Users/Andrea/Documents/RtDruid/gcc-arm-none-eabi-4_9-2015q3/bin/../lib/gcc/arm-none-eabi/4.9.3/../../../../arm-none-eabi/lib/armv7e-m/crt0.o
 .ARM.exidx     0x000000000806aa94        0x0 /Users/Andrea/Documents/RtDruid/gcc-arm-none-eabi-4_9-2015q3/bin/../lib/gcc/arm-none-eabi/4.9.3/armv7e-m/libgcc.a(_divdi3.o)
                                          0x8 (size before relaxing)
 .ARM.exidx     0x000000000806aa94        0x0 /Users/Andrea/Documents/RtDruid/gcc-arm-none-eabi-4_9-2015q3/bin/../lib/gcc/arm-none-eabi/4.9.3/armv7e-m/libgcc.a(_udivdi3.o)
                                          0x8 (size before relaxing)
                0x000000000806aa94                __exidx_end = .
                0x000000000806aa94                __etext = .

.rel.dyn        0x000000000806aa94        0x0
 .rel.iplt      0x0000000000000000        0x0 /Users/Andrea/Documents/RtDruid/gcc-arm-none-eabi-4_9-2015q3/bin/../lib/gcc/arm-none-eabi/4.9.3/armv7e-m/crtbegin.o

.data           0x0000000020000000      0x9f0 load address 0x000000000806aa94
                0x0000000020000000                __data_start__ = .
 *(vtable)
 *(.data*)
 .data          0x0000000020000000        0x0 /Users/Andrea/Documents/RtDruid/gcc-arm-none-eabi-4_9-2015q3/bin/../lib/gcc/arm-none-eabi/4.9.3/armv7e-m/crti.o
 .data          0x0000000020000000        0x4 /Users/Andrea/Documents/RtDruid/gcc-arm-none-eabi-4_9-2015q3/bin/../lib/gcc/arm-none-eabi/4.9.3/armv7e-m/crtbegin.o
                0x0000000020000000                __dso_handle
 .data          0x0000000020000004        0x0 /Users/Andrea/Documents/RtDruid/gcc-arm-none-eabi-4_9-2015q3/bin/../lib/gcc/arm-none-eabi/4.9.3/../../../../arm-none-eabi/lib/armv7e-m/crt0.o
 .data          0x0000000020000004        0x0 obj/Event.o
 .data          0x0000000020000004        0x4 obj/STMPE811QTR.o
                0x0000000020000004                IOE_TimeOut
 .data          0x0000000020000008        0x0 obj/SWatch.o
 .data          0x0000000020000008       0x14 obj/Touch.o
 .data          0x000000002000001c        0x0 obj/Widget.o
 .data          0x000000002000001c       0x54 obj/WidgetConfig.o
                0x000000002000001c                buttontime
                0x0000000020000028                buttontimeset
                0x0000000020000034                buttonalarm
                0x0000000020000040                buttonswatch
                0x000000002000004c                buttonplus
                0x0000000020000058                buttonminus
                0x0000000020000064                txt
                0x000000002000006c                backg
 .data          0x0000000020000070        0x8 obj/code.o
 .data          0x0000000020000078        0x0 obj/debug.o
 .data          0x0000000020000078       0x30 obj/eecfg.o
                0x0000000020000078                EE_th_status
                0x0000000020000080                EE_th_next
                0x0000000020000088                EE_stkfirst
                0x000000002000008c                EE_th_rnact
                0x0000000020000094                EE_rq_first
                0x0000000020000098                EE_th_terminate_nextask
                0x00000000200000a0                EE_counter_RAM
 .data          0x00000000200000a8        0x0 obj/pictures.o
 .data          0x00000000200000a8        0x0 obj/pkg/mcu/st_stm32_stm32f4xx/src/startup_stm32f4xx_gnu.o
 .data          0x00000000200000a8       0x14 obj/pkg/mcu/st_stm32_stm32f4xx/src/system_stm32f4xx.o
                0x00000000200000a8                SystemCoreClock
                0x00000000200000ac                AHBPrescTable
 .data          0x00000000200000bc       0x56 obj/stm32f4_discovery_lcd.o
                0x00000000200000bc                Font48x72
                0x00000000200000c8                Font32x48
                0x00000000200000d4                Font24x36
                0x00000000200000e0                Font16x24
                0x00000000200000ec                Font12x12
                0x00000000200000f8                Font8x12
                0x0000000020000104                Font8x8
 .data          0x0000000020000112        0x0 libee.a(ee_hal_structs.o)
 .data          0x0000000020000112        0x0 libee.a(ee_utils.o)
 .data          0x0000000020000112        0x0 libee.a(ee_gnu_change_context_isr.o)
 .data          0x0000000020000112        0x0 libee.a(ee_irqendin.o)
 .data          0x0000000020000112        0x0 libee.a(ee_tstub.o)
 .data          0x0000000020000112        0x0 libee.a(ee_lookup.o)
 .data          0x0000000020000112        0x0 libee.a(ee_rq_exchg.o)
 .data          0x0000000020000112        0x0 libee.a(ee_alsetrel.o)
 .data          0x0000000020000112        0x0 libee.a(ee_altick.o)
 .data          0x0000000020000112        0x0 libee.a(ee_context.o)
 .data          0x0000000020000112        0x0 libee.a(ee_gnu_oo.o)
 .data          0x0000000020000112        0x0 libee.a(ee_tnterm.o)
 .data          0x0000000020000112        0x0 libee.a(ee_rq_inser.o)
 .data          0x0000000020000112        0x0 libee.a(ee_context.o)
 .data          0x0000000020000112        0x0 libee.a(ee_thendin.o)
 .data          0x0000000020000112        0x0 libstm32f4xxspd.a(stm32f4xx_dma.o)
 .data          0x0000000020000112        0x0 libstm32f4xxspd.a(stm32f4xx_fsmc.o)
 .data          0x0000000020000112        0x0 libstm32f4xxspd.a(stm32f4xx_gpio.o)
 .data          0x0000000020000112        0x0 libstm32f4xxspd.a(stm32f4xx_i2c.o)
 *fill*         0x0000000020000112        0x2 
 .data          0x0000000020000114       0x10 libstm32f4xxspd.a(stm32f4xx_rcc.o)
 .data          0x0000000020000124        0x0 /Users/Andrea/Documents/RtDruid/gcc-arm-none-eabi-4_9-2015q3/bin/../lib/gcc/arm-none-eabi/4.9.3/armv7e-m/libgcc.a(_arm_addsubdf3.o)
 .data          0x0000000020000124        0x0 /Users/Andrea/Documents/RtDruid/gcc-arm-none-eabi-4_9-2015q3/bin/../lib/gcc/arm-none-eabi/4.9.3/armv7e-m/libgcc.a(_arm_muldivdf3.o)
 .data          0x0000000020000124        0x0 /Users/Andrea/Documents/RtDruid/gcc-arm-none-eabi-4_9-2015q3/bin/../lib/gcc/arm-none-eabi/4.9.3/armv7e-m/libgcc.a(_arm_cmpdf2.o)
 .data          0x0000000020000124        0x0 /Users/Andrea/Documents/RtDruid/gcc-arm-none-eabi-4_9-2015q3/bin/../lib/gcc/arm-none-eabi/4.9.3/armv7e-m/libgcc.a(_arm_fixdfsi.o)
 .data          0x0000000020000124        0x0 /Users/Andrea/Documents/RtDruid/gcc-arm-none-eabi-4_9-2015q3/bin/../lib/gcc/arm-none-eabi/4.9.3/armv7e-m/libgcc.a(_arm_addsubsf3.o)
 .data          0x0000000020000124        0x0 /Users/Andrea/Documents/RtDruid/gcc-arm-none-eabi-4_9-2015q3/bin/../lib/gcc/arm-none-eabi/4.9.3/armv7e-m/libgcc.a(_arm_muldivsf3.o)
 .data          0x0000000020000124        0x0 /Users/Andrea/Documents/RtDruid/gcc-arm-none-eabi-4_9-2015q3/bin/../lib/gcc/arm-none-eabi/4.9.3/armv7e-m/libgcc.a(_arm_fixsfsi.o)
 .data          0x0000000020000124        0x0 /Users/Andrea/Documents/RtDruid/gcc-arm-none-eabi-4_9-2015q3/bin/../lib/gcc/arm-none-eabi/4.9.3/armv7e-m/libgcc.a(_arm_fixunssfsi.o)
 .data          0x0000000020000124        0x0 /Users/Andrea/Documents/RtDruid/gcc-arm-none-eabi-4_9-2015q3/arm-none-eabi/lib/thumb/libc.a(lib_a-exit.o)
 .data          0x0000000020000124        0x0 /Users/Andrea/Documents/RtDruid/gcc-arm-none-eabi-4_9-2015q3/arm-none-eabi/lib/thumb/libc.a(lib_a-impure.o)
 *fill*         0x0000000020000124        0x4 
 .data.impure_data
                0x0000000020000128      0x428 /Users/Andrea/Documents/RtDruid/gcc-arm-none-eabi-4_9-2015q3/arm-none-eabi/lib/thumb/libc.a(lib_a-impure.o)
 .data._impure_ptr
                0x0000000020000550        0x4 /Users/Andrea/Documents/RtDruid/gcc-arm-none-eabi-4_9-2015q3/arm-none-eabi/lib/thumb/libc.a(lib_a-impure.o)
                0x0000000020000550                _impure_ptr
 .data          0x0000000020000554        0x0 /Users/Andrea/Documents/RtDruid/gcc-arm-none-eabi-4_9-2015q3/arm-none-eabi/lib/thumb/libc.a(lib_a-init.o)
 .data          0x0000000020000554        0x0 /Users/Andrea/Documents/RtDruid/gcc-arm-none-eabi-4_9-2015q3/arm-none-eabi/lib/thumb/libc.a(lib_a-memset.o)
 .data          0x0000000020000554        0x0 /Users/Andrea/Documents/RtDruid/gcc-arm-none-eabi-4_9-2015q3/arm-none-eabi/lib/thumb/libc.a(lib_a-sprintf.o)
 .data          0x0000000020000554        0x0 /Users/Andrea/Documents/RtDruid/gcc-arm-none-eabi-4_9-2015q3/arm-none-eabi/lib/thumb/libc.a(lib_a-svfprintf.o)
 .data          0x0000000020000554        0x0 /Users/Andrea/Documents/RtDruid/gcc-arm-none-eabi-4_9-2015q3/arm-none-eabi/lib/thumb/libc.a(lib_a-__call_atexit.o)
 .data          0x0000000020000554        0x0 /Users/Andrea/Documents/RtDruid/gcc-arm-none-eabi-4_9-2015q3/arm-none-eabi/lib/thumb/libc.a(lib_a-atexit.o)
 .data          0x0000000020000554        0x0 /Users/Andrea/Documents/RtDruid/gcc-arm-none-eabi-4_9-2015q3/arm-none-eabi/lib/thumb/libc.a(lib_a-dtoa.o)
 .data          0x0000000020000554        0x0 /Users/Andrea/Documents/RtDruid/gcc-arm-none-eabi-4_9-2015q3/arm-none-eabi/lib/thumb/libc.a(lib_a-fini.o)
 .data          0x0000000020000554        0x0 /Users/Andrea/Documents/RtDruid/gcc-arm-none-eabi-4_9-2015q3/arm-none-eabi/lib/thumb/libc.a(lib_a-locale.o)
 .data.lc_message_charset
                0x0000000020000554       0x20 /Users/Andrea/Documents/RtDruid/gcc-arm-none-eabi-4_9-2015q3/arm-none-eabi/lib/thumb/libc.a(lib_a-locale.o)
 .data.lconv    0x0000000020000574       0x38 /Users/Andrea/Documents/RtDruid/gcc-arm-none-eabi-4_9-2015q3/arm-none-eabi/lib/thumb/libc.a(lib_a-locale.o)
 .data.lc_ctype_charset
                0x00000000200005ac       0x20 /Users/Andrea/Documents/RtDruid/gcc-arm-none-eabi-4_9-2015q3/arm-none-eabi/lib/thumb/libc.a(lib_a-locale.o)
 .data.__mb_cur_max
                0x00000000200005cc        0x4 /Users/Andrea/Documents/RtDruid/gcc-arm-none-eabi-4_9-2015q3/arm-none-eabi/lib/thumb/libc.a(lib_a-locale.o)
                0x00000000200005cc                __mb_cur_max
 .data          0x00000000200005d0        0x0 /Users/Andrea/Documents/RtDruid/gcc-arm-none-eabi-4_9-2015q3/arm-none-eabi/lib/thumb/libc.a(lib_a-mallocr.o)
 .data.__malloc_av_
                0x00000000200005d0      0x408 /Users/Andrea/Documents/RtDruid/gcc-arm-none-eabi-4_9-2015q3/arm-none-eabi/lib/thumb/libc.a(lib_a-mallocr.o)
                0x00000000200005d0                __malloc_av_
 .data.__malloc_trim_threshold
                0x00000000200009d8        0x4 /Users/Andrea/Documents/RtDruid/gcc-arm-none-eabi-4_9-2015q3/arm-none-eabi/lib/thumb/libc.a(lib_a-mallocr.o)
                0x00000000200009d8                __malloc_trim_threshold
 .data.__malloc_sbrk_base
                0x00000000200009dc        0x4 /Users/Andrea/Documents/RtDruid/gcc-arm-none-eabi-4_9-2015q3/arm-none-eabi/lib/thumb/libc.a(lib_a-mallocr.o)
                0x00000000200009dc                __malloc_sbrk_base
 .data          0x00000000200009e0        0x0 /Users/Andrea/Documents/RtDruid/gcc-arm-none-eabi-4_9-2015q3/arm-none-eabi/lib/thumb/libc.a(lib_a-memchr.o)
 .data          0x00000000200009e0        0x0 /Users/Andrea/Documents/RtDruid/gcc-arm-none-eabi-4_9-2015q3/arm-none-eabi/lib/thumb/libc.a(lib_a-memcpy.o)
 .data          0x00000000200009e0        0x0 /Users/Andrea/Documents/RtDruid/gcc-arm-none-eabi-4_9-2015q3/arm-none-eabi/lib/thumb/libc.a(lib_a-mlock.o)
 .data          0x00000000200009e0        0x0 /Users/Andrea/Documents/RtDruid/gcc-arm-none-eabi-4_9-2015q3/arm-none-eabi/lib/thumb/libc.a(lib_a-mprec.o)
 .data          0x00000000200009e0        0x0 /Users/Andrea/Documents/RtDruid/gcc-arm-none-eabi-4_9-2015q3/arm-none-eabi/lib/thumb/libc.a(lib_a-s_fpclassify.o)
 .data          0x00000000200009e0        0x0 /Users/Andrea/Documents/RtDruid/gcc-arm-none-eabi-4_9-2015q3/arm-none-eabi/lib/thumb/libc.a(lib_a-sbrkr.o)
 .data          0x00000000200009e0        0x0 /Users/Andrea/Documents/RtDruid/gcc-arm-none-eabi-4_9-2015q3/arm-none-eabi/lib/thumb/libc.a(lib_a-strcmp.o)
 .data          0x00000000200009e0        0x0 /Users/Andrea/Documents/RtDruid/gcc-arm-none-eabi-4_9-2015q3/arm-none-eabi/lib/thumb/libc.a(lib_a-strlen.o)
 .data          0x00000000200009e0        0x0 /Users/Andrea/Documents/RtDruid/gcc-arm-none-eabi-4_9-2015q3/arm-none-eabi/lib/thumb/libc.a(lib_a-svfiprintf.o)
 .data          0x00000000200009e0        0x0 /Users/Andrea/Documents/RtDruid/gcc-arm-none-eabi-4_9-2015q3/arm-none-eabi/lib/thumb/libc.a(lib_a-__atexit.o)
 .data          0x00000000200009e0        0x0 /Users/Andrea/Documents/RtDruid/gcc-arm-none-eabi-4_9-2015q3/arm-none-eabi/lib/thumb/libc.a(lib_a-callocr.o)
 .data          0x00000000200009e0        0x0 /Users/Andrea/Documents/RtDruid/gcc-arm-none-eabi-4_9-2015q3/arm-none-eabi/lib/thumb/libc.a(lib_a-freer.o)
 .data          0x00000000200009e0        0x0 /Users/Andrea/Documents/RtDruid/gcc-arm-none-eabi-4_9-2015q3/arm-none-eabi/lib/thumb/libc.a(lib_a-memmove.o)
 .data          0x00000000200009e0        0x0 /Users/Andrea/Documents/RtDruid/gcc-arm-none-eabi-4_9-2015q3/arm-none-eabi/lib/thumb/libc.a(lib_a-reallocr.o)
 .data          0x00000000200009e0        0x0 /Users/Andrea/Documents/RtDruid/gcc-arm-none-eabi-4_9-2015q3/arm-none-eabi/lib/thumb/libc.a(lib_a-reent.o)
 .data          0x00000000200009e0        0x0 /Users/Andrea/Documents/RtDruid/gcc-arm-none-eabi-4_9-2015q3/arm-none-eabi/lib/thumb/libnosys.a(sbrk.o)
 .data          0x00000000200009e0        0x0 /Users/Andrea/Documents/RtDruid/gcc-arm-none-eabi-4_9-2015q3/bin/../lib/gcc/arm-none-eabi/4.9.3/armv7e-m/libgcc.a(_udivsi3.o)
 .data          0x00000000200009e0        0x0 /Users/Andrea/Documents/RtDruid/gcc-arm-none-eabi-4_9-2015q3/bin/../lib/gcc/arm-none-eabi/4.9.3/armv7e-m/libgcc.a(_divsi3.o)
 .data          0x00000000200009e0        0x0 /Users/Andrea/Documents/RtDruid/gcc-arm-none-eabi-4_9-2015q3/bin/../lib/gcc/arm-none-eabi/4.9.3/armv7e-m/libgcc.a(_dvmd_tls.o)
 .data          0x00000000200009e0        0x0 /Users/Andrea/Documents/RtDruid/gcc-arm-none-eabi-4_9-2015q3/bin/../lib/gcc/arm-none-eabi/4.9.3/armv7e-m/libgcc.a(_aeabi_uldivmod.o)
 .data          0x00000000200009e0        0x0 /Users/Andrea/Documents/RtDruid/gcc-arm-none-eabi-4_9-2015q3/bin/../lib/gcc/arm-none-eabi/4.9.3/armv7e-m/libgcc.a(bpabi.o)
 .data          0x00000000200009e0        0x0 /Users/Andrea/Documents/RtDruid/gcc-arm-none-eabi-4_9-2015q3/bin/../lib/gcc/arm-none-eabi/4.9.3/armv7e-m/libgcc.a(_divdi3.o)
 .data          0x00000000200009e0        0x0 /Users/Andrea/Documents/RtDruid/gcc-arm-none-eabi-4_9-2015q3/bin/../lib/gcc/arm-none-eabi/4.9.3/armv7e-m/libgcc.a(_udivdi3.o)
 .data          0x00000000200009e0        0x0 /Users/Andrea/Documents/RtDruid/gcc-arm-none-eabi-4_9-2015q3/bin/../lib/gcc/arm-none-eabi/4.9.3/armv7e-m/crtend.o
 .data          0x00000000200009e0        0x0 /Users/Andrea/Documents/RtDruid/gcc-arm-none-eabi-4_9-2015q3/bin/../lib/gcc/arm-none-eabi/4.9.3/armv7e-m/crtn.o
                0x00000000200009e0                . = ALIGN (0x4)
                0x00000000200009e0                PROVIDE (__preinit_array_start, .)
 *(.preinit_array)
                0x00000000200009e0                PROVIDE (__preinit_array_end, .)
                0x00000000200009e0                . = ALIGN (0x4)
                0x00000000200009e0                PROVIDE (__init_array_start, .)
 *(SORT(.init_array.*))
 .init_array.00000
                0x00000000200009e0        0x4 /Users/Andrea/Documents/RtDruid/gcc-arm-none-eabi-4_9-2015q3/arm-none-eabi/lib/thumb/libc.a(lib_a-__call_atexit.o)
 *(.init_array)
 .init_array    0x00000000200009e4        0x4 /Users/Andrea/Documents/RtDruid/gcc-arm-none-eabi-4_9-2015q3/bin/../lib/gcc/arm-none-eabi/4.9.3/armv7e-m/crtbegin.o
                0x00000000200009e8                PROVIDE (__init_array_end, .)
                0x00000000200009e8                . = ALIGN (0x4)
                0x00000000200009e8                PROVIDE (__fini_array_start, .)
 *(SORT(.fini_array.*))
 *(.fini_array)
 .fini_array    0x00000000200009e8        0x4 /Users/Andrea/Documents/RtDruid/gcc-arm-none-eabi-4_9-2015q3/bin/../lib/gcc/arm-none-eabi/4.9.3/armv7e-m/crtbegin.o
                0x00000000200009ec                PROVIDE (__fini_array_end, .)
 *(.jcr*)
 .jcr           0x00000000200009ec        0x0 /Users/Andrea/Documents/RtDruid/gcc-arm-none-eabi-4_9-2015q3/bin/../lib/gcc/arm-none-eabi/4.9.3/armv7e-m/crtbegin.o
 .jcr           0x00000000200009ec        0x4 /Users/Andrea/Documents/RtDruid/gcc-arm-none-eabi-4_9-2015q3/bin/../lib/gcc/arm-none-eabi/4.9.3/armv7e-m/crtend.o
                0x00000000200009f0                . = ALIGN (0x4)
                0x00000000200009f0                __data_end__ = .

.igot.plt       0x00000000200009f0        0x0 load address 0x000000000806b484
 .igot.plt      0x0000000000000000        0x0 /Users/Andrea/Documents/RtDruid/gcc-arm-none-eabi-4_9-2015q3/bin/../lib/gcc/arm-none-eabi/4.9.3/armv7e-m/crtbegin.o

.bss            0x00000000200009f0      0x12c load address 0x000000000806b484
                0x00000000200009f0                . = ALIGN (0x4)
                0x00000000200009f0                __bss_start__ = .
 *(.bss*)
 .bss           0x00000000200009f0        0x0 /Users/Andrea/Documents/RtDruid/gcc-arm-none-eabi-4_9-2015q3/bin/../lib/gcc/arm-none-eabi/4.9.3/armv7e-m/crti.o
 .bss           0x00000000200009f0       0x1c /Users/Andrea/Documents/RtDruid/gcc-arm-none-eabi-4_9-2015q3/bin/../lib/gcc/arm-none-eabi/4.9.3/armv7e-m/crtbegin.o
 .bss           0x0000000020000a0c        0x0 /Users/Andrea/Documents/RtDruid/gcc-arm-none-eabi-4_9-2015q3/bin/../lib/gcc/arm-none-eabi/4.9.3/../../../../arm-none-eabi/lib/armv7e-m/crt0.o
 .bss           0x0000000020000a0c        0x0 obj/Event.o
 .bss           0x0000000020000a0c        0x4 obj/STMPE811QTR.o
 .bss           0x0000000020000a10        0x0 obj/SWatch.o
 .bss           0x0000000020000a10        0x0 obj/Touch.o
 .bss           0x0000000020000a10        0x0 obj/Widget.o
 .bss           0x0000000020000a10        0x0 obj/WidgetConfig.o
 .bss           0x0000000020000a10        0x7 obj/code.o
                0x0000000020000a10                hours
                0x0000000020000a11                minutes
                0x0000000020000a12                seconds
                0x0000000020000a13                tenths
 .bss           0x0000000020000a17        0x0 obj/debug.o
 *fill*         0x0000000020000a17        0x1 
 .bss           0x0000000020000a18        0x4 obj/eecfg.o
                0x0000000020000a18                EE_sys_ceiling
 .bss           0x0000000020000a1c        0x0 obj/pictures.o
 .bss           0x0000000020000a1c        0x0 obj/pkg/mcu/st_stm32_stm32f4xx/src/startup_stm32f4xx_gnu.o
 .bss           0x0000000020000a1c        0x0 obj/pkg/mcu/st_stm32_stm32f4xx/src/system_stm32f4xx.o
 .bss           0x0000000020000a1c        0x6 obj/stm32f4_discovery_lcd.o
 .bss           0x0000000020000a22        0x0 libee.a(ee_hal_structs.o)
 .bss           0x0000000020000a22        0x0 libee.a(ee_utils.o)
 .bss           0x0000000020000a22        0x0 libee.a(ee_gnu_change_context_isr.o)
 .bss           0x0000000020000a22        0x0 libee.a(ee_irqendin.o)
 .bss           0x0000000020000a22        0x0 libee.a(ee_tstub.o)
 .bss           0x0000000020000a22        0x0 libee.a(ee_lookup.o)
 .bss           0x0000000020000a22        0x0 libee.a(ee_rq_exchg.o)
 .bss           0x0000000020000a22        0x0 libee.a(ee_alsetrel.o)
 .bss           0x0000000020000a22        0x0 libee.a(ee_altick.o)
 .bss           0x0000000020000a22        0x0 libee.a(ee_context.o)
 .bss           0x0000000020000a22        0x0 libee.a(ee_gnu_oo.o)
 .bss           0x0000000020000a22        0x0 libee.a(ee_tnterm.o)
 .bss           0x0000000020000a22        0x0 libee.a(ee_rq_inser.o)
 .bss           0x0000000020000a22        0x0 libee.a(ee_context.o)
 .bss           0x0000000020000a22        0x0 libee.a(ee_thendin.o)
 .bss           0x0000000020000a22        0x0 libstm32f4xxspd.a(stm32f4xx_dma.o)
 .bss           0x0000000020000a22        0x0 libstm32f4xxspd.a(stm32f4xx_fsmc.o)
 .bss           0x0000000020000a22        0x0 libstm32f4xxspd.a(stm32f4xx_gpio.o)
 .bss           0x0000000020000a22        0x0 libstm32f4xxspd.a(stm32f4xx_i2c.o)
 .bss           0x0000000020000a22        0x0 libstm32f4xxspd.a(stm32f4xx_rcc.o)
 .bss           0x0000000020000a22        0x0 /Users/Andrea/Documents/RtDruid/gcc-arm-none-eabi-4_9-2015q3/bin/../lib/gcc/arm-none-eabi/4.9.3/armv7e-m/libgcc.a(_arm_addsubdf3.o)
 .bss           0x0000000020000a22        0x0 /Users/Andrea/Documents/RtDruid/gcc-arm-none-eabi-4_9-2015q3/bin/../lib/gcc/arm-none-eabi/4.9.3/armv7e-m/libgcc.a(_arm_muldivdf3.o)
 .bss           0x0000000020000a22        0x0 /Users/Andrea/Documents/RtDruid/gcc-arm-none-eabi-4_9-2015q3/bin/../lib/gcc/arm-none-eabi/4.9.3/armv7e-m/libgcc.a(_arm_cmpdf2.o)
 .bss           0x0000000020000a22        0x0 /Users/Andrea/Documents/RtDruid/gcc-arm-none-eabi-4_9-2015q3/bin/../lib/gcc/arm-none-eabi/4.9.3/armv7e-m/libgcc.a(_arm_fixdfsi.o)
 .bss           0x0000000020000a22        0x0 /Users/Andrea/Documents/RtDruid/gcc-arm-none-eabi-4_9-2015q3/bin/../lib/gcc/arm-none-eabi/4.9.3/armv7e-m/libgcc.a(_arm_addsubsf3.o)
 .bss           0x0000000020000a22        0x0 /Users/Andrea/Documents/RtDruid/gcc-arm-none-eabi-4_9-2015q3/bin/../lib/gcc/arm-none-eabi/4.9.3/armv7e-m/libgcc.a(_arm_muldivsf3.o)
 .bss           0x0000000020000a22        0x0 /Users/Andrea/Documents/RtDruid/gcc-arm-none-eabi-4_9-2015q3/bin/../lib/gcc/arm-none-eabi/4.9.3/armv7e-m/libgcc.a(_arm_fixsfsi.o)
 .bss           0x0000000020000a22        0x0 /Users/Andrea/Documents/RtDruid/gcc-arm-none-eabi-4_9-2015q3/bin/../lib/gcc/arm-none-eabi/4.9.3/armv7e-m/libgcc.a(_arm_fixunssfsi.o)
 .bss           0x0000000020000a22        0x0 /Users/Andrea/Documents/RtDruid/gcc-arm-none-eabi-4_9-2015q3/arm-none-eabi/lib/thumb/libc.a(lib_a-exit.o)
 .bss           0x0000000020000a22        0x0 /Users/Andrea/Documents/RtDruid/gcc-arm-none-eabi-4_9-2015q3/arm-none-eabi/lib/thumb/libc.a(lib_a-impure.o)
 .bss           0x0000000020000a22        0x0 /Users/Andrea/Documents/RtDruid/gcc-arm-none-eabi-4_9-2015q3/arm-none-eabi/lib/thumb/libc.a(lib_a-init.o)
 .bss           0x0000000020000a22        0x0 /Users/Andrea/Documents/RtDruid/gcc-arm-none-eabi-4_9-2015q3/arm-none-eabi/lib/thumb/libc.a(lib_a-memset.o)
 .bss           0x0000000020000a22        0x0 /Users/Andrea/Documents/RtDruid/gcc-arm-none-eabi-4_9-2015q3/arm-none-eabi/lib/thumb/libc.a(lib_a-sprintf.o)
 .bss           0x0000000020000a22        0x0 /Users/Andrea/Documents/RtDruid/gcc-arm-none-eabi-4_9-2015q3/arm-none-eabi/lib/thumb/libc.a(lib_a-svfprintf.o)
 .bss           0x0000000020000a22        0x0 /Users/Andrea/Documents/RtDruid/gcc-arm-none-eabi-4_9-2015q3/arm-none-eabi/lib/thumb/libc.a(lib_a-__call_atexit.o)
 .bss           0x0000000020000a22        0x0 /Users/Andrea/Documents/RtDruid/gcc-arm-none-eabi-4_9-2015q3/arm-none-eabi/lib/thumb/libc.a(lib_a-atexit.o)
 .bss           0x0000000020000a22        0x0 /Users/Andrea/Documents/RtDruid/gcc-arm-none-eabi-4_9-2015q3/arm-none-eabi/lib/thumb/libc.a(lib_a-dtoa.o)
 .bss           0x0000000020000a22        0x0 /Users/Andrea/Documents/RtDruid/gcc-arm-none-eabi-4_9-2015q3/arm-none-eabi/lib/thumb/libc.a(lib_a-fini.o)
 .bss           0x0000000020000a22        0x0 /Users/Andrea/Documents/RtDruid/gcc-arm-none-eabi-4_9-2015q3/arm-none-eabi/lib/thumb/libc.a(lib_a-locale.o)
 *fill*         0x0000000020000a22        0x2 
 .bss._PathLocale
                0x0000000020000a24        0x4 /Users/Andrea/Documents/RtDruid/gcc-arm-none-eabi-4_9-2015q3/arm-none-eabi/lib/thumb/libc.a(lib_a-locale.o)
                0x0000000020000a24                _PathLocale
 .bss.__nlocale_changed
                0x0000000020000a28        0x4 /Users/Andrea/Documents/RtDruid/gcc-arm-none-eabi-4_9-2015q3/arm-none-eabi/lib/thumb/libc.a(lib_a-locale.o)
                0x0000000020000a28                __nlocale_changed
 .bss.__mlocale_changed
                0x0000000020000a2c        0x4 /Users/Andrea/Documents/RtDruid/gcc-arm-none-eabi-4_9-2015q3/arm-none-eabi/lib/thumb/libc.a(lib_a-locale.o)
                0x0000000020000a2c                __mlocale_changed
 .bss           0x0000000020000a30        0x0 /Users/Andrea/Documents/RtDruid/gcc-arm-none-eabi-4_9-2015q3/arm-none-eabi/lib/thumb/libc.a(lib_a-mallocr.o)
 .bss.__malloc_max_total_mem
                0x0000000020000a30        0x4 /Users/Andrea/Documents/RtDruid/gcc-arm-none-eabi-4_9-2015q3/arm-none-eabi/lib/thumb/libc.a(lib_a-mallocr.o)
                0x0000000020000a30                __malloc_max_total_mem
 .bss.__malloc_max_sbrked_mem
                0x0000000020000a34        0x4 /Users/Andrea/Documents/RtDruid/gcc-arm-none-eabi-4_9-2015q3/arm-none-eabi/lib/thumb/libc.a(lib_a-mallocr.o)
                0x0000000020000a34                __malloc_max_sbrked_mem
 .bss.__malloc_top_pad
                0x0000000020000a38        0x4 /Users/Andrea/Documents/RtDruid/gcc-arm-none-eabi-4_9-2015q3/arm-none-eabi/lib/thumb/libc.a(lib_a-mallocr.o)
                0x0000000020000a38                __malloc_top_pad
 .bss.__malloc_current_mallinfo
                0x0000000020000a3c       0x28 /Users/Andrea/Documents/RtDruid/gcc-arm-none-eabi-4_9-2015q3/arm-none-eabi/lib/thumb/libc.a(lib_a-mallocr.o)
                0x0000000020000a3c                __malloc_current_mallinfo
 .bss           0x0000000020000a64        0x0 /Users/Andrea/Documents/RtDruid/gcc-arm-none-eabi-4_9-2015q3/arm-none-eabi/lib/thumb/libc.a(lib_a-memchr.o)
 .bss           0x0000000020000a64        0x0 /Users/Andrea/Documents/RtDruid/gcc-arm-none-eabi-4_9-2015q3/arm-none-eabi/lib/thumb/libc.a(lib_a-memcpy.o)
 .bss           0x0000000020000a64        0x0 /Users/Andrea/Documents/RtDruid/gcc-arm-none-eabi-4_9-2015q3/arm-none-eabi/lib/thumb/libc.a(lib_a-mlock.o)
 .bss           0x0000000020000a64        0x0 /Users/Andrea/Documents/RtDruid/gcc-arm-none-eabi-4_9-2015q3/arm-none-eabi/lib/thumb/libc.a(lib_a-mprec.o)
 .bss           0x0000000020000a64        0x0 /Users/Andrea/Documents/RtDruid/gcc-arm-none-eabi-4_9-2015q3/arm-none-eabi/lib/thumb/libc.a(lib_a-s_fpclassify.o)
 .bss           0x0000000020000a64        0x0 /Users/Andrea/Documents/RtDruid/gcc-arm-none-eabi-4_9-2015q3/arm-none-eabi/lib/thumb/libc.a(lib_a-sbrkr.o)
 .bss           0x0000000020000a64        0x0 /Users/Andrea/Documents/RtDruid/gcc-arm-none-eabi-4_9-2015q3/arm-none-eabi/lib/thumb/libc.a(lib_a-strcmp.o)
 .bss           0x0000000020000a64        0x0 /Users/Andrea/Documents/RtDruid/gcc-arm-none-eabi-4_9-2015q3/arm-none-eabi/lib/thumb/libc.a(lib_a-strlen.o)
 .bss           0x0000000020000a64        0x0 /Users/Andrea/Documents/RtDruid/gcc-arm-none-eabi-4_9-2015q3/arm-none-eabi/lib/thumb/libc.a(lib_a-svfiprintf.o)
 .bss           0x0000000020000a64        0x0 /Users/Andrea/Documents/RtDruid/gcc-arm-none-eabi-4_9-2015q3/arm-none-eabi/lib/thumb/libc.a(lib_a-__atexit.o)
 .bss           0x0000000020000a64        0x0 /Users/Andrea/Documents/RtDruid/gcc-arm-none-eabi-4_9-2015q3/arm-none-eabi/lib/thumb/libc.a(lib_a-callocr.o)
 .bss           0x0000000020000a64        0x0 /Users/Andrea/Documents/RtDruid/gcc-arm-none-eabi-4_9-2015q3/arm-none-eabi/lib/thumb/libc.a(lib_a-freer.o)
 .bss           0x0000000020000a64        0x0 /Users/Andrea/Documents/RtDruid/gcc-arm-none-eabi-4_9-2015q3/arm-none-eabi/lib/thumb/libc.a(lib_a-memmove.o)
 .bss           0x0000000020000a64        0x0 /Users/Andrea/Documents/RtDruid/gcc-arm-none-eabi-4_9-2015q3/arm-none-eabi/lib/thumb/libc.a(lib_a-reallocr.o)
 .bss           0x0000000020000a64        0x0 /Users/Andrea/Documents/RtDruid/gcc-arm-none-eabi-4_9-2015q3/arm-none-eabi/lib/thumb/libc.a(lib_a-reent.o)
 .bss           0x0000000020000a64        0x0 /Users/Andrea/Documents/RtDruid/gcc-arm-none-eabi-4_9-2015q3/arm-none-eabi/lib/thumb/libnosys.a(sbrk.o)
 .bss.heap_end.4079
                0x0000000020000a64        0x4 /Users/Andrea/Documents/RtDruid/gcc-arm-none-eabi-4_9-2015q3/arm-none-eabi/lib/thumb/libnosys.a(sbrk.o)
 .bss           0x0000000020000a68        0x0 /Users/Andrea/Documents/RtDruid/gcc-arm-none-eabi-4_9-2015q3/bin/../lib/gcc/arm-none-eabi/4.9.3/armv7e-m/libgcc.a(_udivsi3.o)
 .bss           0x0000000020000a68        0x0 /Users/Andrea/Documents/RtDruid/gcc-arm-none-eabi-4_9-2015q3/bin/../lib/gcc/arm-none-eabi/4.9.3/armv7e-m/libgcc.a(_divsi3.o)
 .bss           0x0000000020000a68        0x0 /Users/Andrea/Documents/RtDruid/gcc-arm-none-eabi-4_9-2015q3/bin/../lib/gcc/arm-none-eabi/4.9.3/armv7e-m/libgcc.a(_dvmd_tls.o)
 .bss           0x0000000020000a68        0x0 /Users/Andrea/Documents/RtDruid/gcc-arm-none-eabi-4_9-2015q3/bin/../lib/gcc/arm-none-eabi/4.9.3/armv7e-m/libgcc.a(_aeabi_uldivmod.o)
 .bss           0x0000000020000a68        0x0 /Users/Andrea/Documents/RtDruid/gcc-arm-none-eabi-4_9-2015q3/bin/../lib/gcc/arm-none-eabi/4.9.3/armv7e-m/libgcc.a(bpabi.o)
 .bss           0x0000000020000a68        0x0 /Users/Andrea/Documents/RtDruid/gcc-arm-none-eabi-4_9-2015q3/bin/../lib/gcc/arm-none-eabi/4.9.3/armv7e-m/libgcc.a(_divdi3.o)
 .bss           0x0000000020000a68        0x0 /Users/Andrea/Documents/RtDruid/gcc-arm-none-eabi-4_9-2015q3/bin/../lib/gcc/arm-none-eabi/4.9.3/armv7e-m/libgcc.a(_udivdi3.o)
 .bss           0x0000000020000a68        0x0 /Users/Andrea/Documents/RtDruid/gcc-arm-none-eabi-4_9-2015q3/bin/../lib/gcc/arm-none-eabi/4.9.3/armv7e-m/crtend.o
 .bss           0x0000000020000a68        0x0 /Users/Andrea/Documents/RtDruid/gcc-arm-none-eabi-4_9-2015q3/bin/../lib/gcc/arm-none-eabi/4.9.3/armv7e-m/crtn.o
 *(COMMON)
 COMMON         0x0000000020000a68        0x1 obj/Event.o
                0x0000000020000a68                evts
 *fill*         0x0000000020000a69        0x3 
 COMMON         0x0000000020000a6c        0x8 obj/STMPE811QTR.o
                0x0000000020000a6c                TS_State
 COMMON         0x0000000020000a74       0x20 obj/Touch.o
                0x0000000020000a74                touch_points
                0x0000000020000a88                tcs
 COMMON         0x0000000020000a94       0x46 obj/code.o
                0x0000000020000a94                Btimeset
                0x0000000020000a95                Bminus
                0x0000000020000a96                Balarm
                0x0000000020000a98                ZCSig
                0x0000000020000a9f                Btime
                0x0000000020000aa0                mode
                0x0000000020000aa4                DWork
                0x0000000020000ac4                errorSig
                0x0000000020000acc                SWatch_state
                0x0000000020000ad8                Bswatch
                0x0000000020000ad9                Bplus
 *fill*         0x0000000020000ada        0x2 
 COMMON         0x0000000020000adc       0x2c obj/eecfg.o
                0x0000000020000adc                EE_terminate_data
                0x0000000020000ae4                EE_oo_counter_object_RAM
                0x0000000020000b04                EE_ApplicationMode
 COMMON         0x0000000020000b08        0x8 libee.a(ee_hal_structs.o)
                0x0000000020000b08                EE_IRQ_nesting_level
                0x0000000020000b0c                EE_std_endcycle_next_tid
 COMMON         0x0000000020000b10        0x8 libee.a(ee_lookup.o)
                0x0000000020000b10                EE_oo_IRQ_disable_count
                0x0000000020000b14                EE_oo_IRQ_suspend_status
 COMMON         0x0000000020000b18        0x4 /Users/Andrea/Documents/RtDruid/gcc-arm-none-eabi-4_9-2015q3/arm-none-eabi/lib/thumb/libc.a(lib_a-reent.o)